Archive member included to satisfy reference by file (symbol)

d:\Project\Arduino\STM32CORE\snmp\bin\core\core.a(HardwareSerial.cpp.o)
                              d:\Project\Arduino\STM32CORE\snmp\bin\sketch\snmp.ino.cpp.o (HardwareSerial::begin(unsigned long, unsigned char))
d:\Project\Arduino\STM32CORE\snmp\bin\core\core.a(HardwareTimer.cpp.o)
                              d:\Project\Arduino\STM32CORE\snmp\bin\libraries\SrcWrapper\stm32\analog.cpp.o (HardwareTimer::resume())
d:\Project\Arduino\STM32CORE\snmp\bin\core\core.a(IPAddress.cpp.o)
                              d:\Project\Arduino\STM32CORE\snmp\bin\libraries\Arduino-STM32-Ethernet-master\EthernetClient.cpp.o (IPAddress::IPAddress())
d:\Project\Arduino\STM32CORE\snmp\bin\core\core.a(Print.cpp.o)
                              d:\Project\Arduino\STM32CORE\snmp\bin\core\core.a(HardwareSerial.cpp.o) (Print::write(unsigned char const*, unsigned int))
d:\Project\Arduino\STM32CORE\snmp\bin\core\core.a(Stream.cpp.o)
                              d:\Project\Arduino\STM32CORE\snmp\bin\libraries\Arduino-STM32-Ethernet-master\EthernetClient.cpp.o (Stream::readBytes(char*, unsigned int))
d:\Project\Arduino\STM32CORE\snmp\bin\core\core.a(WMath.cpp.o)
                              d:\Project\Arduino\STM32CORE\snmp\bin\libraries\Arduino-STM32-Ethernet-master\Dhcp.cpp.o (random(long, long))
d:\Project\Arduino\STM32CORE\snmp\bin\core\core.a(WString.cpp.o)
                              d:\Project\Arduino\STM32CORE\snmp\bin\core\core.a(Stream.cpp.o) (String::String(char const*))
d:\Project\Arduino\STM32CORE\snmp\bin\core\core.a(abi.cpp.o)
                              d:\Project\Arduino\STM32CORE\snmp\bin\core\core.a(Print.cpp.o) (__cxa_pure_virtual)
d:\Project\Arduino\STM32CORE\snmp\bin\core\core.a(dtostrf.c.o)
                              d:\Project\Arduino\STM32CORE\snmp\bin\core\core.a(WString.cpp.o) (dtostrf)
d:\Project\Arduino\STM32CORE\snmp\bin\core\core.a(itoa.c.o)
                              d:\Project\Arduino\STM32CORE\snmp\bin\core\core.a(WString.cpp.o) (ltoa)
d:\Project\Arduino\STM32CORE\snmp\bin\core\core.a(main.cpp.o)
                              c:/users/sangengon/appdata/local/arduino15/packages/stm32/tools/xpack-arm-none-eabi-gcc/9.2.1-1.1/bin/../lib/gcc/arm-none-eabi/9.2.1/../../../../arm-none-eabi/lib/thumb/v7-m/nofp/crt0.o (main)
d:\Project\Arduino\STM32CORE\snmp\bin\core\core.a(new.cpp.o)
                              d:\Project\Arduino\STM32CORE\snmp\bin\libraries\SrcWrapper\stm32\analog.cpp.o (operator new(unsigned int))
d:\Project\Arduino\STM32CORE\snmp\bin\core\core.a(pins_arduino.c.o)
                              d:\Project\Arduino\STM32CORE\snmp\bin\core\core.a(HardwareTimer.cpp.o) (pinNametoDigitalPin)
d:\Project\Arduino\STM32CORE\snmp\bin\core\core.a(startup_stm32yyxx.S.o)
                              (Reset_Handler)
d:\Project\Arduino\STM32CORE\snmp\bin\core\core.a(wiring_digital.c.o)
                              d:\Project\Arduino\STM32CORE\snmp\bin\libraries\SPI\SPI.cpp.o (pinMode)
d:\Project\Arduino\STM32CORE\snmp\bin\core\core.a(wiring_time.c.o)
                              d:\Project\Arduino\STM32CORE\snmp\bin\sketch\snmp.ino.cpp.o (millis)
d:\Project\Arduino\STM32CORE\snmp\bin\core\core.a(WSerial.cpp.o)
                              d:\Project\Arduino\STM32CORE\snmp\bin\core\core.a(main.cpp.o) (serialEventRun())
d:\Project\Arduino\STM32CORE\snmp\bin\core\core.a(board.c.o)
                              d:\Project\Arduino\STM32CORE\snmp\bin\core\core.a(main.cpp.o) (init)
d:\Project\Arduino\STM32CORE\snmp\bin\core\core.a(hooks.c.o)
                              d:\Project\Arduino\STM32CORE\snmp\bin\core\core.a(wiring_time.c.o) (yield)
d:\Project\Arduino\STM32CORE\snmp\bin\core\core.a(wiring_analog.c.o)
                              d:\Project\Arduino\STM32CORE\snmp\bin\core\core.a(wiring_digital.c.o) (g_anOutputPinConfigured)
c:/users/sangengon/appdata/local/arduino15/packages/stm32/tools/xpack-arm-none-eabi-gcc/9.2.1-1.1/bin/../lib/gcc/arm-none-eabi/9.2.1/../../../../arm-none-eabi/lib/thumb/v7-m/nofp\libc_nano.a(lib_a-atof.o)
                              d:\Project\Arduino\STM32CORE\snmp\bin\core\core.a(WString.cpp.o) (atof)
c:/users/sangengon/appdata/local/arduino15/packages/stm32/tools/xpack-arm-none-eabi-gcc/9.2.1-1.1/bin/../lib/gcc/arm-none-eabi/9.2.1/../../../../arm-none-eabi/lib/thumb/v7-m/nofp\libc_nano.a(lib_a-atol.o)
                              d:\Project\Arduino\STM32CORE\snmp\bin\core\core.a(WString.cpp.o) (atol)
c:/users/sangengon/appdata/local/arduino15/packages/stm32/tools/xpack-arm-none-eabi-gcc/9.2.1-1.1/bin/../lib/gcc/arm-none-eabi/9.2.1/../../../../arm-none-eabi/lib/thumb/v7-m/nofp\libc_nano.a(lib_a-exit.o)
                              c:/users/sangengon/appdata/local/arduino15/packages/stm32/tools/xpack-arm-none-eabi-gcc/9.2.1-1.1/bin/../lib/gcc/arm-none-eabi/9.2.1/../../../../arm-none-eabi/lib/thumb/v7-m/nofp/crt0.o (exit)
[...]
Memory Configuration

Name             Origin             Length             Attributes
*default*        0x00000000         0xffffffff
RAM              0x20000000         0x00005000         xrw
FLASH            0x08000000         0x00010000         xr

Linker script and memory map

LOAD C:\Users\SangengoN\AppData\Local\Arduino15\packages\STM32\tools\CMSIS\5.5.1/CMSIS/DSP/Lib/GCC/\libarm_cortexM3l_math.a
START GROUP
LOAD d:\Project\Arduino\STM32CORE\snmp\bin\sketch\SrcWrapper.cpp.o
LOAD d:\Project\Arduino\STM32CORE\snmp\bin\sketch\snmp.ino.cpp.o
LOAD d:\Project\Arduino\STM32CORE\snmp\bin\libraries\SPI\SPI.cpp.o
LOAD d:\Project\Arduino\STM32CORE\snmp\bin\libraries\SPI\utility\spi_com.c.o
LOAD d:\Project\Arduino\STM32CORE\snmp\bin\libraries\Arduino-STM32-Ethernet-master\Dhcp.cpp.o
LOAD d:\Project\Arduino\STM32CORE\snmp\bin\libraries\Arduino-STM32-Ethernet-master\Dns.cpp.o
LOAD d:\Project\Arduino\STM32CORE\snmp\bin\libraries\Arduino-STM32-Ethernet-master\EthernetClient.cpp.o
LOAD d:\Project\Arduino\STM32CORE\snmp\bin\libraries\Arduino-STM32-Ethernet-master\EthernetServer.cpp.o
LOAD d:\Project\Arduino\STM32CORE\snmp\bin\libraries\Arduino-STM32-Ethernet-master\EthernetUdp.cpp.o
LOAD d:\Project\Arduino\STM32CORE\snmp\bin\libraries\Arduino-STM32-Ethernet-master\Ethernet_STM.cpp.o
LOAD d:\Project\Arduino\STM32CORE\snmp\bin\libraries\Arduino-STM32-Ethernet-master\Twitter.cpp.o
LOAD d:\Project\Arduino\STM32CORE\snmp\bin\libraries\Arduino-STM32-Ethernet-master\utility\socket.cpp.o
LOAD d:\Project\Arduino\STM32CORE\snmp\bin\libraries\Arduino-STM32-Ethernet-master\utility\w5100.cpp.o
LOAD d:\Project\Arduino\STM32CORE\snmp\bin\libraries\Arduino-STM32-Ethernet-master\utility\w5200.cpp.o
LOAD d:\Project\Arduino\STM32CORE\snmp\bin\libraries\Arduino-STM32-Ethernet-master\utility\w5500.cpp.o
LOAD d:\Project\Arduino\STM32CORE\snmp\bin\libraries\Agentuino\Agentuino.cpp.o
LOAD d:\Project\Arduino\STM32CORE\snmp\bin\libraries\Flash\Flash.cpp.o
LOAD d:\Project\Arduino\STM32CORE\snmp\bin\libraries\SrcWrapper\HAL\stm32yyxx_hal.c.o
LOAD d:\Project\Arduino\STM32CORE\snmp\bin\libraries\SrcWrapper\HAL\stm32yyxx_hal_adc.c.o
LOAD d:\Project\Arduino\STM32CORE\snmp\bin\libraries\SrcWrapper\HAL\stm32yyxx_hal_adc_ex.c.o
LOAD d:\Project\Arduino\STM32CORE\snmp\bin\libraries\SrcWrapper\HAL\stm32yyxx_hal_can.c.o
LOAD d:\Project\Arduino\STM32CORE\snmp\bin\libraries\SrcWrapper\HAL\stm32yyxx_hal_cec.c.o
LOAD d:\Project\Arduino\STM32CORE\snmp\bin\libraries\SrcWrapper\HAL\stm32yyxx_hal_comp.c.o
LOAD d:\Project\Arduino\STM32CORE\snmp\bin\libraries\SrcWrapper\HAL\stm32yyxx_hal_comp_ex.c.o
LOAD d:\Project\Arduino\STM32CORE\snmp\bin\libraries\SrcWrapper\HAL\stm32yyxx_hal_cordic.c.o
LOAD d:\Project\Arduino\STM32CORE\snmp\bin\libraries\SrcWrapper\HAL\stm32yyxx_hal_cortex.c.o
LOAD d:\Project\Arduino\STM32CORE\snmp\bin\libraries\SrcWrapper\HAL\stm32yyxx_hal_crc.c.o
LOAD d:\Project\Arduino\STM32CORE\snmp\bin\libraries\SrcWrapper\HAL\stm32yyxx_hal_crc_ex.c.o
LOAD d:\Project\Arduino\STM32CORE\snmp\bin\libraries\SrcWrapper\HAL\stm32yyxx_hal_cryp.c.o
LOAD d:\Project\Arduino\STM32CORE\snmp\bin\libraries\SrcWrapper\HAL\stm32yyxx_hal_cryp_ex.c.o
LOAD d:\Project\Arduino\STM32CORE\snmp\bin\libraries\SrcWrapper\HAL\stm32yyxx_hal_dac.c.o
LOAD d:\Project\Arduino\STM32CORE\snmp\bin\libraries\SrcWrapper\HAL\stm32yyxx_hal_dac_ex.c.o
LOAD d:\Project\Arduino\STM32CORE\snmp\bin\libraries\SrcWrapper\HAL\stm32yyxx_hal_dcmi.c.o
LOAD d:\Project\Arduino\STM32CORE\snmp\bin\libraries\SrcWrapper\HAL\stm32yyxx_hal_dcmi_ex.c.o
LOAD d:\Project\Arduino\STM32CORE\snmp\bin\libraries\SrcWrapper\HAL\stm32yyxx_hal_dfsdm.c.o
LOAD d:\Project\Arduino\STM32CORE\snmp\bin\libraries\SrcWrapper\HAL\stm32yyxx_hal_dfsdm_ex.c.o
LOAD d:\Project\Arduino\STM32CORE\snmp\bin\libraries\SrcWrapper\HAL\stm32yyxx_hal_dma.c.o
LOAD d:\Project\Arduino\STM32CORE\snmp\bin\libraries\SrcWrapper\HAL\stm32yyxx_hal_dma2d.c.o
LOAD d:\Project\Arduino\STM32CORE\snmp\bin\libraries\SrcWrapper\HAL\stm32yyxx_hal_dma_ex.c.o
LOAD d:\Project\Arduino\STM32CORE\snmp\bin\libraries\SrcWrapper\HAL\stm32yyxx_hal_dsi.c.o
LOAD d:\Project\Arduino\STM32CORE\snmp\bin\libraries\SrcWrapper\HAL\stm32yyxx_hal_dts.c.o
LOAD d:\Project\Arduino\STM32CORE\snmp\bin\libraries\SrcWrapper\HAL\stm32yyxx_hal_eth.c.o
LOAD d:\Project\Arduino\STM32CORE\snmp\bin\libraries\SrcWrapper\HAL\stm32yyxx_hal_eth_ex.c.o
LOAD d:\Project\Arduino\STM32CORE\snmp\bin\libraries\SrcWrapper\HAL\stm32yyxx_hal_exti.c.o
LOAD d:\Project\Arduino\STM32CORE\snmp\bin\libraries\SrcWrapper\HAL\stm32yyxx_hal_fdcan.c.o
LOAD d:\Project\Arduino\STM32CORE\snmp\bin\libraries\SrcWrapper\HAL\stm32yyxx_hal_firewall.c.o
LOAD d:\Project\Arduino\STM32CORE\snmp\bin\libraries\SrcWrapper\HAL\stm32yyxx_hal_flash.c.o
LOAD d:\Project\Arduino\STM32CORE\snmp\bin\libraries\SrcWrapper\HAL\stm32yyxx_hal_flash_ex.c.o
LOAD d:\Project\Arduino\STM32CORE\snmp\bin\libraries\SrcWrapper\HAL\stm32yyxx_hal_flash_ramfunc.c.o
LOAD d:\Project\Arduino\STM32CORE\snmp\bin\libraries\SrcWrapper\HAL\stm32yyxx_hal_fmac.c.o
LOAD d:\Project\Arduino\STM32CORE\snmp\bin\libraries\SrcWrapper\HAL\stm32yyxx_hal_fmpi2c.c.o
LOAD d:\Project\Arduino\STM32CORE\snmp\bin\libraries\SrcWrapper\HAL\stm32yyxx_hal_fmpi2c_ex.c.o
LOAD d:\Project\Arduino\STM32CORE\snmp\bin\libraries\SrcWrapper\HAL\stm32yyxx_hal_gfxmmu.c.o
LOAD d:\Project\Arduino\STM32CORE\snmp\bin\libraries\SrcWrapper\HAL\stm32yyxx_hal_gpio.c.o
LOAD d:\Project\Arduino\STM32CORE\snmp\bin\libraries\SrcWrapper\HAL\stm32yyxx_hal_gpio_ex.c.o
LOAD d:\Project\Arduino\STM32CORE\snmp\bin\libraries\SrcWrapper\HAL\stm32yyxx_hal_hash.c.o
LOAD d:\Project\Arduino\STM32CORE\snmp\bin\libraries\SrcWrapper\HAL\stm32yyxx_hal_hash_ex.c.o
LOAD d:\Project\Arduino\STM32CORE\snmp\bin\libraries\SrcWrapper\HAL\stm32yyxx_hal_hcd.c.o
LOAD d:\Project\Arduino\STM32CORE\snmp\bin\libraries\SrcWrapper\HAL\stm32yyxx_hal_hrtim.c.o
LOAD d:\Project\Arduino\STM32CORE\snmp\bin\libraries\SrcWrapper\HAL\stm32yyxx_hal_hsem.c.o
LOAD d:\Project\Arduino\STM32CORE\snmp\bin\libraries\SrcWrapper\HAL\stm32yyxx_hal_i2c.c.o
LOAD d:\Project\Arduino\STM32CORE\snmp\bin\libraries\SrcWrapper\HAL\stm32yyxx_hal_i2c_ex.c.o
LOAD d:\Project\Arduino\STM32CORE\snmp\bin\libraries\SrcWrapper\HAL\stm32yyxx_hal_i2s.c.o
LOAD d:\Project\Arduino\STM32CORE\snmp\bin\libraries\SrcWrapper\HAL\stm32yyxx_hal_i2s_ex.c.o
LOAD d:\Project\Arduino\STM32CORE\snmp\bin\libraries\SrcWrapper\HAL\stm32yyxx_hal_ipcc.c.o
LOAD d:\Project\Arduino\STM32CORE\snmp\bin\libraries\SrcWrapper\HAL\stm32yyxx_hal_irda.c.o
LOAD d:\Project\Arduino\STM32CORE\snmp\bin\libraries\SrcWrapper\HAL\stm32yyxx_hal_iwdg.c.o
LOAD d:\Project\Arduino\STM32CORE\snmp\bin\libraries\SrcWrapper\HAL\stm32yyxx_hal_jpeg.c.o
LOAD d:\Project\Arduino\STM32CORE\snmp\bin\libraries\SrcWrapper\HAL\stm32yyxx_hal_lcd.c.o
LOAD d:\Project\Arduino\STM32CORE\snmp\bin\libraries\SrcWrapper\HAL\stm32yyxx_hal_lptim.c.o
LOAD d:\Project\Arduino\STM32CORE\snmp\bin\libraries\SrcWrapper\HAL\stm32yyxx_hal_ltdc.c.o
LOAD d:\Project\Arduino\STM32CORE\snmp\bin\libraries\SrcWrapper\HAL\stm32yyxx_hal_ltdc_ex.c.o
LOAD d:\Project\Arduino\STM32CORE\snmp\bin\libraries\SrcWrapper\HAL\stm32yyxx_hal_mdios.c.o
LOAD d:\Project\Arduino\STM32CORE\snmp\bin\libraries\SrcWrapper\HAL\stm32yyxx_hal_mdma.c.o
LOAD d:\Project\Arduino\STM32CORE\snmp\bin\libraries\SrcWrapper\HAL\stm32yyxx_hal_mmc.c.o
LOAD d:\Project\Arduino\STM32CORE\snmp\bin\libraries\SrcWrapper\HAL\stm32yyxx_hal_mmc_ex.c.o
LOAD d:\Project\Arduino\STM32CORE\snmp\bin\libraries\SrcWrapper\HAL\stm32yyxx_hal_nand.c.o
LOAD d:\Project\Arduino\STM32CORE\snmp\bin\libraries\SrcWrapper\HAL\stm32yyxx_hal_nor.c.o
LOAD d:\Project\Arduino\STM32CORE\snmp\bin\libraries\SrcWrapper\HAL\stm32yyxx_hal_opamp.c.o
LOAD d:\Project\Arduino\STM32CORE\snmp\bin\libraries\SrcWrapper\HAL\stm32yyxx_hal_opamp_ex.c.o
LOAD d:\Project\Arduino\STM32CORE\snmp\bin\libraries\SrcWrapper\HAL\stm32yyxx_hal_ospi.c.o
LOAD d:\Project\Arduino\STM32CORE\snmp\bin\libraries\SrcWrapper\HAL\stm32yyxx_hal_otfdec.c.o
LOAD d:\Project\Arduino\STM32CORE\snmp\bin\libraries\SrcWrapper\HAL\stm32yyxx_hal_pccard.c.o
LOAD d:\Project\Arduino\STM32CORE\snmp\bin\libraries\SrcWrapper\HAL\stm32yyxx_hal_pcd.c.o
LOAD d:\Project\Arduino\STM32CORE\snmp\bin\libraries\SrcWrapper\HAL\stm32yyxx_hal_pcd_ex.c.o
LOAD d:\Project\Arduino\STM32CORE\snmp\bin\libraries\SrcWrapper\HAL\stm32yyxx_hal_pka.c.o
LOAD d:\Project\Arduino\STM32CORE\snmp\bin\libraries\SrcWrapper\HAL\stm32yyxx_hal_pssi.c.o
LOAD d:\Project\Arduino\STM32CORE\snmp\bin\libraries\SrcWrapper\HAL\stm32yyxx_hal_pwr.c.o
LOAD d:\Project\Arduino\STM32CORE\snmp\bin\libraries\SrcWrapper\HAL\stm32yyxx_hal_pwr_ex.c.o
LOAD d:\Project\Arduino\STM32CORE\snmp\bin\libraries\SrcWrapper\HAL\stm32yyxx_hal_qspi.c.o
LOAD d:\Project\Arduino\STM32CORE\snmp\bin\libraries\SrcWrapper\HAL\stm32yyxx_hal_ramecc.c.o
LOAD d:\Project\Arduino\STM32CORE\snmp\bin\libraries\SrcWrapper\HAL\stm32yyxx_hal_rcc.c.o
LOAD d:\Project\Arduino\STM32CORE\snmp\bin\libraries\SrcWrapper\HAL\stm32yyxx_hal_rcc_ex.c.o
LOAD d:\Project\Arduino\STM32CORE\snmp\bin\libraries\SrcWrapper\HAL\stm32yyxx_hal_rng.c.o
LOAD d:\Project\Arduino\STM32CORE\snmp\bin\libraries\SrcWrapper\HAL\stm32yyxx_hal_rng_ex.c.o
LOAD d:\Project\Arduino\STM32CORE\snmp\bin\libraries\SrcWrapper\HAL\stm32yyxx_hal_rtc.c.o
LOAD d:\Project\Arduino\STM32CORE\snmp\bin\libraries\SrcWrapper\HAL\stm32yyxx_hal_rtc_ex.c.o
LOAD d:\Project\Arduino\STM32CORE\snmp\bin\libraries\SrcWrapper\HAL\stm32yyxx_hal_sai.c.o
LOAD d:\Project\Arduino\STM32CORE\snmp\bin\libraries\SrcWrapper\HAL\stm32yyxx_hal_sai_ex.c.o
LOAD d:\Project\Arduino\STM32CORE\snmp\bin\libraries\SrcWrapper\HAL\stm32yyxx_hal_sd.c.o
LOAD d:\Project\Arduino\STM32CORE\snmp\bin\libraries\SrcWrapper\HAL\stm32yyxx_hal_sd_ex.c.o
LOAD d:\Project\Arduino\STM32CORE\snmp\bin\libraries\SrcWrapper\HAL\stm32yyxx_hal_sdadc.c.o
LOAD d:\Project\Arduino\STM32CORE\snmp\bin\libraries\SrcWrapper\HAL\stm32yyxx_hal_sdram.c.o
LOAD d:\Project\Arduino\STM32CORE\snmp\bin\libraries\SrcWrapper\HAL\stm32yyxx_hal_smartcard.c.o
LOAD d:\Project\Arduino\STM32CORE\snmp\bin\libraries\SrcWrapper\HAL\stm32yyxx_hal_smartcard_ex.c.o
LOAD d:\Project\Arduino\STM32CORE\snmp\bin\libraries\SrcWrapper\HAL\stm32yyxx_hal_smbus.c.o
LOAD d:\Project\Arduino\STM32CORE\snmp\bin\libraries\SrcWrapper\HAL\stm32yyxx_hal_spdifrx.c.o
LOAD d:\Project\Arduino\STM32CORE\snmp\bin\libraries\SrcWrapper\HAL\stm32yyxx_hal_spi.c.o
LOAD d:\Project\Arduino\STM32CORE\snmp\bin\libraries\SrcWrapper\HAL\stm32yyxx_hal_spi_ex.c.o
LOAD d:\Project\Arduino\STM32CORE\snmp\bin\libraries\SrcWrapper\HAL\stm32yyxx_hal_sram.c.o
LOAD d:\Project\Arduino\STM32CORE\snmp\bin\libraries\SrcWrapper\HAL\stm32yyxx_hal_swpmi.c.o
LOAD d:\Project\Arduino\STM32CORE\snmp\bin\libraries\SrcWrapper\HAL\stm32yyxx_hal_tim.c.o
LOAD d:\Project\Arduino\STM32CORE\snmp\bin\libraries\SrcWrapper\HAL\stm32yyxx_hal_tim_ex.c.o
LOAD d:\Project\Arduino\STM32CORE\snmp\bin\libraries\SrcWrapper\HAL\stm32yyxx_hal_tsc.c.o
LOAD d:\Project\Arduino\STM32CORE\snmp\bin\libraries\SrcWrapper\HAL\stm32yyxx_hal_uart.c.o
LOAD d:\Project\Arduino\STM32CORE\snmp\bin\libraries\SrcWrapper\HAL\stm32yyxx_hal_uart_ex.c.o
LOAD d:\Project\Arduino\STM32CORE\snmp\bin\libraries\SrcWrapper\HAL\stm32yyxx_hal_usart.c.o
LOAD d:\Project\Arduino\STM32CORE\snmp\bin\libraries\SrcWrapper\HAL\stm32yyxx_hal_usart_ex.c.o
LOAD d:\Project\Arduino\STM32CORE\snmp\bin\libraries\SrcWrapper\HAL\stm32yyxx_hal_wwdg.c.o
LOAD d:\Project\Arduino\STM32CORE\snmp\bin\libraries\SrcWrapper\LL\stm32yyxx_ll_adc.c.o
LOAD d:\Project\Arduino\STM32CORE\snmp\bin\libraries\SrcWrapper\LL\stm32yyxx_ll_bdma.c.o
LOAD d:\Project\Arduino\STM32CORE\snmp\bin\libraries\SrcWrapper\LL\stm32yyxx_ll_comp.c.o
LOAD d:\Project\Arduino\STM32CORE\snmp\bin\libraries\SrcWrapper\LL\stm32yyxx_ll_cordic.c.o
LOAD d:\Project\Arduino\STM32CORE\snmp\bin\libraries\SrcWrapper\LL\stm32yyxx_ll_crc.c.o
LOAD d:\Project\Arduino\STM32CORE\snmp\bin\libraries\SrcWrapper\LL\stm32yyxx_ll_crs.c.o
LOAD d:\Project\Arduino\STM32CORE\snmp\bin\libraries\SrcWrapper\LL\stm32yyxx_ll_dac.c.o
LOAD d:\Project\Arduino\STM32CORE\snmp\bin\libraries\SrcWrapper\LL\stm32yyxx_ll_delayblock.c.o
LOAD d:\Project\Arduino\STM32CORE\snmp\bin\libraries\SrcWrapper\LL\stm32yyxx_ll_dma.c.o
LOAD d:\Project\Arduino\STM32CORE\snmp\bin\libraries\SrcWrapper\LL\stm32yyxx_ll_dma2d.c.o
LOAD d:\Project\Arduino\STM32CORE\snmp\bin\libraries\SrcWrapper\LL\stm32yyxx_ll_exti.c.o
LOAD d:\Project\Arduino\STM32CORE\snmp\bin\libraries\SrcWrapper\LL\stm32yyxx_ll_fmac.c.o
LOAD d:\Project\Arduino\STM32CORE\snmp\bin\libraries\SrcWrapper\LL\stm32yyxx_ll_fmc.c.o
LOAD d:\Project\Arduino\STM32CORE\snmp\bin\libraries\SrcWrapper\LL\stm32yyxx_ll_fsmc.c.o
LOAD d:\Project\Arduino\STM32CORE\snmp\bin\libraries\SrcWrapper\LL\stm32yyxx_ll_gpio.c.o
LOAD d:\Project\Arduino\STM32CORE\snmp\bin\libraries\SrcWrapper\LL\stm32yyxx_ll_hrtim.c.o
LOAD d:\Project\Arduino\STM32CORE\snmp\bin\libraries\SrcWrapper\LL\stm32yyxx_ll_i2c.c.o
LOAD d:\Project\Arduino\STM32CORE\snmp\bin\libraries\SrcWrapper\LL\stm32yyxx_ll_lptim.c.o
LOAD d:\Project\Arduino\STM32CORE\snmp\bin\libraries\SrcWrapper\LL\stm32yyxx_ll_lpuart.c.o
LOAD d:\Project\Arduino\STM32CORE\snmp\bin\libraries\SrcWrapper\LL\stm32yyxx_ll_mdma.c.o
LOAD d:\Project\Arduino\STM32CORE\snmp\bin\libraries\SrcWrapper\LL\stm32yyxx_ll_opamp.c.o
LOAD d:\Project\Arduino\STM32CORE\snmp\bin\libraries\SrcWrapper\LL\stm32yyxx_ll_pka.c.o
LOAD d:\Project\Arduino\STM32CORE\snmp\bin\libraries\SrcWrapper\LL\stm32yyxx_ll_pwr.c.o
LOAD d:\Project\Arduino\STM32CORE\snmp\bin\libraries\SrcWrapper\LL\stm32yyxx_ll_rcc.c.o
LOAD d:\Project\Arduino\STM32CORE\snmp\bin\libraries\SrcWrapper\LL\stm32yyxx_ll_rng.c.o
LOAD d:\Project\Arduino\STM32CORE\snmp\bin\libraries\SrcWrapper\LL\stm32yyxx_ll_rtc.c.o
LOAD d:\Project\Arduino\STM32CORE\snmp\bin\libraries\SrcWrapper\LL\stm32yyxx_ll_sdmmc.c.o
LOAD d:\Project\Arduino\STM32CORE\snmp\bin\libraries\SrcWrapper\LL\stm32yyxx_ll_spi.c.o
LOAD d:\Project\Arduino\STM32CORE\snmp\bin\libraries\SrcWrapper\LL\stm32yyxx_ll_swpmi.c.o
LOAD d:\Project\Arduino\STM32CORE\snmp\bin\libraries\SrcWrapper\LL\stm32yyxx_ll_tim.c.o
LOAD d:\Project\Arduino\STM32CORE\snmp\bin\libraries\SrcWrapper\LL\stm32yyxx_ll_ucpd.c.o
LOAD d:\Project\Arduino\STM32CORE\snmp\bin\libraries\SrcWrapper\LL\stm32yyxx_ll_usart.c.o
LOAD d:\Project\Arduino\STM32CORE\snmp\bin\libraries\SrcWrapper\LL\stm32yyxx_ll_usb.c.o
LOAD d:\Project\Arduino\STM32CORE\snmp\bin\libraries\SrcWrapper\LL\stm32yyxx_ll_utils.c.o
LOAD d:\Project\Arduino\STM32CORE\snmp\bin\libraries\SrcWrapper\stm32\PortNames.c.o
LOAD d:\Project\Arduino\STM32CORE\snmp\bin\libraries\SrcWrapper\stm32\analog.cpp.o
LOAD d:\Project\Arduino\STM32CORE\snmp\bin\libraries\SrcWrapper\stm32\bootloader.c.o
LOAD d:\Project\Arduino\STM32CORE\snmp\bin\libraries\SrcWrapper\stm32\clock.c.o
LOAD d:\Project\Arduino\STM32CORE\snmp\bin\libraries\SrcWrapper\stm32\core_callback.c.o
LOAD d:\Project\Arduino\STM32CORE\snmp\bin\libraries\SrcWrapper\stm32\dwt.c.o
LOAD d:\Project\Arduino\STM32CORE\snmp\bin\libraries\SrcWrapper\stm32\hw_config.c.o
LOAD d:\Project\Arduino\STM32CORE\snmp\bin\libraries\SrcWrapper\stm32\interrupt.cpp.o
LOAD d:\Project\Arduino\STM32CORE\snmp\bin\libraries\SrcWrapper\stm32\lock_resource.c.o
LOAD d:\Project\Arduino\STM32CORE\snmp\bin\libraries\SrcWrapper\stm32\low_power.c.o
LOAD d:\Project\Arduino\STM32CORE\snmp\bin\libraries\SrcWrapper\stm32\pinmap.c.o
LOAD d:\Project\Arduino\STM32CORE\snmp\bin\libraries\SrcWrapper\stm32\rtc.c.o
LOAD d:\Project\Arduino\STM32CORE\snmp\bin\libraries\SrcWrapper\stm32\stm32_def.c.o
LOAD d:\Project\Arduino\STM32CORE\snmp\bin\libraries\SrcWrapper\stm32\stm32_eeprom.c.o
LOAD d:\Project\Arduino\STM32CORE\snmp\bin\libraries\SrcWrapper\stm32\system_stm32yyxx.c.o
LOAD d:\Project\Arduino\STM32CORE\snmp\bin\libraries\SrcWrapper\stm32\timer.c.o
LOAD d:\Project\Arduino\STM32CORE\snmp\bin\libraries\SrcWrapper\stm32\uart.c.o
LOAD d:\Project\Arduino\STM32CORE\snmp\bin\libraries\SrcWrapper\syscalls.c.o
LOAD d:\Project\Arduino\STM32CORE\snmp\bin\core\PeripheralPins.c.o
LOAD d:\Project\Arduino\STM32CORE\snmp\bin\core\variant.cpp.o
LOAD d:\Project\Arduino\STM32CORE\snmp\bin\core\core.a
LOAD c:/users/sangengon/appdata/local/arduino15/packages/stm32/tools/xpack-arm-none-eabi-gcc/9.2.1-1.1/bin/../lib/gcc/arm-none-eabi/9.2.1/../../../../arm-none-eabi/lib/thumb/v7-m/nofp\libc_nano.a
END GROUP
LOAD c:/users/sangengon/appdata/local/arduino15/packages/stm32/tools/xpack-arm-none-eabi-gcc/9.2.1-1.1/bin/../lib/gcc/arm-none-eabi/9.2.1/../../../../arm-none-eabi/lib/thumb/v7-m/nofp\libm.a
LOAD c:/users/sangengon/appdata/local/arduino15/packages/stm32/tools/xpack-arm-none-eabi-gcc/9.2.1-1.1/bin/../lib/gcc/arm-none-eabi/9.2.1/thumb/v7-m/nofp\libgcc.a
LOAD c:/users/sangengon/appdata/local/arduino15/packages/stm32/tools/xpack-arm-none-eabi-gcc/9.2.1-1.1/bin/../lib/gcc/arm-none-eabi/9.2.1/../../../../arm-none-eabi/lib/thumb/v7-m/nofp\libstdc++_nano.a
START GROUP
LOAD c:/users/sangengon/appdata/local/arduino15/packages/stm32/tools/xpack-arm-none-eabi-gcc/9.2.1-1.1/bin/../lib/gcc/arm-none-eabi/9.2.1/thumb/v7-m/nofp\libgcc.a
LOAD c:/users/sangengon/appdata/local/arduino15/packages/stm32/tools/xpack-arm-none-eabi-gcc/9.2.1-1.1/bin/../lib/gcc/arm-none-eabi/9.2.1/../../../../arm-none-eabi/lib/thumb/v7-m/nofp\libc_nano.a
END GROUP
START GROUP
LOAD c:/users/sangengon/appdata/local/arduino15/packages/stm32/tools/xpack-arm-none-eabi-gcc/9.2.1-1.1/bin/../lib/gcc/arm-none-eabi/9.2.1/thumb/v7-m/nofp\libgcc.a
LOAD c:/users/sangengon/appdata/local/arduino15/packages/stm32/tools/xpack-arm-none-eabi-gcc/9.2.1-1.1/bin/../lib/gcc/arm-none-eabi/9.2.1/../../../../arm-none-eabi/lib/thumb/v7-m/nofp\libc_nano.a
END GROUP
LOAD c:/users/sangengon/appdata/local/arduino15/packages/stm32/tools/xpack-arm-none-eabi-gcc/9.2.1-1.1/bin/../lib/gcc/arm-none-eabi/9.2.1/thumb/v7-m/nofp/crtend.o
LOAD c:/users/sangengon/appdata/local/arduino15/packages/stm32/tools/xpack-arm-none-eabi-gcc/9.2.1-1.1/bin/../lib/gcc/arm-none-eabi/9.2.1/thumb/v7-m/nofp/crtn.o
                0x20005000                _estack = (0x20000000 + LD_MAX_DATA_SIZE)
                0x00000200                _Min_Heap_Size = 0x200
                0x00000400                _Min_Stack_Size = 0x400

.isr_vector     0x08000000      0x10c
                0x08000000                . = ALIGN (0x4)
 *(.isr_vector)
 .isr_vector    0x08000000      0x10c d:\Project\Arduino\STM32CORE\snmp\bin\core\core.a(startup_stm32yyxx.S.o)
                0x08000000                g_pfnVectors
                0x0800010c                . = ALIGN (0x4)

.text           0x0800010c     0x47ac
                0x0800010c                . = ALIGN (0x4)
 *(.text)
 .text          0x0800010c       0x14 c:/users/sangengon/appdata/local/arduino15/packages/stm32/tools/xpack-arm-none-eabi-gcc/9.2.1-1.1/bin/../lib/gcc/arm-none-eabi/9.2.1/../../../../arm-none-eabi/lib/thumb/v7-m/nofp\libc_nano.a(lib_a-strcmp.o)
                0x0800010c                strcmp
 .text          0x08000120       0x10 c:/users/sangengon/appdata/local/arduino15/packages/stm32/tools/xpack-arm-none-eabi-gcc/9.2.1-1.1/bin/../lib/gcc/arm-none-eabi/9.2.1/../../../../arm-none-eabi/lib/thumb/v7-m/nofp\libc_nano.a(lib_a-strlen.o)
                0x08000120                strlen
 *(.text*)
 .text.__do_global_dtors_aux
                0x08000130       0x24 c:/users/sangengon/appdata/local/arduino15/packages/stm32/tools/xpack-arm-none-eabi-gcc/9.2.1-1.1/bin/../lib/gcc/arm-none-eabi/9.2.1/thumb/v7-m/nofp/crtbegin.o
 .text.frame_dummy
                0x08000154       0x1c c:/users/sangengon/appdata/local/arduino15/packages/stm32/tools/xpack-arm-none-eabi-gcc/9.2.1-1.1/bin/../lib/gcc/arm-none-eabi/9.2.1/thumb/v7-m/nofp/crtbegin.o
 .text._ZN10SNMP_VALUE5clearEv
                0x08000170       0x12 d:\Project\Arduino\STM32CORE\snmp\bin\sketch\snmp.ino.cpp.o
                0x08000170                SNMP_VALUE::clear()
 *fill*         0x08000182        0x2 
 .text._ZN10SNMP_VALUE6decodeEPcj
                0x08000184       0xc4 d:\Project\Arduino\STM32CORE\snmp\bin\sketch\snmp.ino.cpp.o
                0x08000184                SNMP_VALUE::decode(char*, unsigned int)
 .text._ZN10SNMP_VALUE6encodeE13SNMP_SYNTAXESPKc
                0x08000248       0x5e d:\Project\Arduino\STM32CORE\snmp\bin\sketch\snmp.ino.cpp.o
                0x08000248                SNMP_VALUE::encode(SNMP_SYNTAXES, char const*)
 .text._ZlsR5PrintRK10_Printable
                0x080002a6       0x12 d:\Project\Arduino\STM32CORE\snmp\bin\sketch\snmp.ino.cpp.o
                0x080002a6                operator<<(Print&, _Printable const&)
 .text._Z11pduReceivedv
                0x080002b8      0x388 d:\Project\Arduino\STM32CORE\snmp\bin\sketch\snmp.ino.cpp.o
                0x080002b8                pduReceived()
 .text.setup    0x08000640       0xb0 d:\Project\Arduino\STM32CORE\snmp\bin\sketch\snmp.ino.cpp.o
                0x08000640                setup
 .text.loop     0x080006f0       0x34 d:\Project\Arduino\STM32CORE\snmp\bin\sketch\snmp.ino.cpp.o
                0x080006f0                loop
 .text.startup._GLOBAL__sub_I_prevMillis
                0x08000724       0x28 d:\Project\Arduino\STM32CORE\snmp\bin\sketch\snmp.ino.cpp.o
 .text._ZN8SPIClass6pinIdxEhNS_12pin_option_tE
                0x0800074c       0x44 d:\Project\Arduino\STM32CORE\snmp\bin\libraries\SPI\SPI.cpp.o
                0x0800074c                SPIClass::pinIdx(unsigned char, SPIClass::pin_option_t)
 .text._ZN8SPIClassC2Ev
                0x08000790       0x44 d:\Project\Arduino\STM32CORE\snmp\bin\libraries\SPI\SPI.cpp.o
                0x08000790                SPIClass::SPIClass()
                0x08000790                SPIClass::SPIClass()
 .text._ZN8SPIClass5beginEh
                0x080007d4       0x50 d:\Project\Arduino\STM32CORE\snmp\bin\libraries\SPI\SPI.cpp.o
                0x080007d4                SPIClass::begin(unsigned char)
 .text._ZN8SPIClass16beginTransactionEh11SPISettings
                0x08000824       0x6e d:\Project\Arduino\STM32CORE\snmp\bin\libraries\SPI\SPI.cpp.o
                0x08000824                SPIClass::beginTransaction(unsigned char, SPISettings)
 *fill*         0x08000892        0x2 
 .text._ZN8SPIClass14endTransactionEh
                0x08000894       0x40 d:\Project\Arduino\STM32CORE\snmp\bin\libraries\SPI\SPI.cpp.o
                0x08000894                SPIClass::endTransaction(unsigned char)
 .text._ZN8SPIClass8transferEhh15SPITransferMode
                0x080008d4       0x9c d:\Project\Arduino\STM32CORE\snmp\bin\libraries\SPI\SPI.cpp.o
                0x080008d4                SPIClass::transfer(unsigned char, unsigned char, SPITransferMode)
 .text.startup._GLOBAL__sub_I_SPI
                0x08000970        0xc d:\Project\Arduino\STM32CORE\snmp\bin\libraries\SPI\SPI.cpp.o
 .text.LL_GPIO_SetPinMode
                0x0800097c       0x2e d:\Project\Arduino\STM32CORE\snmp\bin\libraries\SPI\utility\spi_com.c.o
 *fill*         0x080009aa        0x2 
 .text.spi_getClkFreqInst
                0x080009ac       0x28 d:\Project\Arduino\STM32CORE\snmp\bin\libraries\SPI\utility\spi_com.c.o
                0x080009ac                spi_getClkFreqInst
 .text.spi_init
                0x080009d4      0x250 d:\Project\Arduino\STM32CORE\snmp\bin\libraries\SPI\utility\spi_com.c.o
                0x080009d4                spi_init
 .text.spi_transfer
                0x08000c24       0x6e d:\Project\Arduino\STM32CORE\snmp\bin\libraries\SPI\utility\spi_com.c.o
                0x08000c24                spi_transfer
 *fill*         0x08000c92        0x2 
 .text.startup._GLOBAL__sub_I__ZN9DhcpClass13beginWithDHCPEPhmm
                0x08000c94       0x1c d:\Project\Arduino\STM32CORE\snmp\bin\libraries\Arduino-STM32-Ethernet-master\Dhcp.cpp.o
 .text._ZN9DNSClient5beginERK9IPAddress
                0x08000cb0        0xa d:\Project\Arduino\STM32CORE\snmp\bin\libraries\Arduino-STM32-Ethernet-master\Dns.cpp.o
                0x08000cb0                DNSClient::begin(IPAddress const&)
 .text._ZN9DNSClient9inet_atonEPKcR9IPAddress
                0x08000cba       0x4a d:\Project\Arduino\STM32CORE\snmp\bin\libraries\Arduino-STM32-Ethernet-master\Dns.cpp.o
                0x08000cba                DNSClient::inet_aton(char const*, IPAddress&)
 .text.startup._GLOBAL__sub_I__ZN9DNSClient5beginERK9IPAddress
                0x08000d04       0x1c d:\Project\Arduino\STM32CORE\snmp\bin\libraries\Arduino-STM32-Ethernet-master\Dns.cpp.o
 .text._ZN9DNSClient12BuildRequestEPKc
                0x08000d20       0xe6 d:\Project\Arduino\STM32CORE\snmp\bin\libraries\Arduino-STM32-Ethernet-master\Dns.cpp.o
                0x08000d20                DNSClient::BuildRequest(char const*)
 .text._ZN9DNSClient15ProcessResponseEtR9IPAddress
                0x08000e06      0x206 d:\Project\Arduino\STM32CORE\snmp\bin\libraries\Arduino-STM32-Ethernet-master\Dns.cpp.o
                0x08000e06                DNSClient::ProcessResponse(unsigned short, IPAddress&)
 .text._ZN9DNSClient13getHostByNameEPKcR9IPAddress
                0x0800100c       0x8c d:\Project\Arduino\STM32CORE\snmp\bin\libraries\Arduino-STM32-Ethernet-master\Dns.cpp.o
                0x0800100c                DNSClient::getHostByName(char const*, IPAddress&)
 .text.startup._GLOBAL__sub_I__ZN14EthernetClient8_srcportE
                0x08001098       0x1c d:\Project\Arduino\STM32CORE\snmp\bin\libraries\Arduino-STM32-Ethernet-master\EthernetClient.cpp.o
 .text.startup._GLOBAL__sub_I__ZN14EthernetServerC2Et
                0x080010b4       0x1c d:\Project\Arduino\STM32CORE\snmp\bin\libraries\Arduino-STM32-Ethernet-master\EthernetServer.cpp.o
 .text._ZN3UDP14beginMulticastE9IPAddresst
                0x080010d0        0x4 d:\Project\Arduino\STM32CORE\snmp\bin\libraries\Arduino-STM32-Ethernet-master\EthernetUdp.cpp.o
                0x080010d0                UDP::beginMulticast(IPAddress, unsigned short)
 .text._ZN11EthernetUDP4readEPcj
                0x080010d4        0x6 d:\Project\Arduino\STM32CORE\snmp\bin\libraries\Arduino-STM32-Ethernet-master\EthernetUdp.cpp.o
                0x080010d4                EthernetUDP::read(char*, unsigned int)
 *fill*         0x080010da        0x2 
 .text._ZN11EthernetUDP8remoteIPEv
                0x080010dc       0x10 d:\Project\Arduino\STM32CORE\snmp\bin\libraries\Arduino-STM32-Ethernet-master\EthernetUdp.cpp.o
                0x080010dc                EthernetUDP::remoteIP()
 .text._ZN11EthernetUDP10remotePortEv
                0x080010ec        0x4 d:\Project\Arduino\STM32CORE\snmp\bin\libraries\Arduino-STM32-Ethernet-master\EthernetUdp.cpp.o
                0x080010ec                EthernetUDP::remotePort()
 .text._ZN11EthernetUDP9availableEv
                0x080010f0        0x4 d:\Project\Arduino\STM32CORE\snmp\bin\libraries\Arduino-STM32-Ethernet-master\EthernetUdp.cpp.o
                0x080010f0                EthernetUDP::available()
 .text._ZN11EthernetUDP5writeEh
                0x080010f4       0x18 d:\Project\Arduino\STM32CORE\snmp\bin\libraries\Arduino-STM32-Ethernet-master\EthernetUdp.cpp.o
                0x080010f4                EthernetUDP::write(unsigned char)
 .text._ZN11EthernetUDP5flushEv
                0x0800110c       0x14 d:\Project\Arduino\STM32CORE\snmp\bin\libraries\Arduino-STM32-Ethernet-master\EthernetUdp.cpp.o
                0x0800110c                EthernetUDP::flush()
 .text._ZN11EthernetUDP4stopEv
                0x08001120       0x24 d:\Project\Arduino\STM32CORE\snmp\bin\libraries\Arduino-STM32-Ethernet-master\EthernetUdp.cpp.o
                0x08001120                EthernetUDP::stop()
 .text._ZN11EthernetUDP11beginPacketE9IPAddresst
                0x08001144        0xc d:\Project\Arduino\STM32CORE\snmp\bin\libraries\Arduino-STM32-Ethernet-master\EthernetUdp.cpp.o
                0x08001144                EthernetUDP::beginPacket(IPAddress, unsigned short)
 .text._ZN11EthernetUDP9endPacketEv
                0x08001150        0x6 d:\Project\Arduino\STM32CORE\snmp\bin\libraries\Arduino-STM32-Ethernet-master\EthernetUdp.cpp.o
                0x08001150                EthernetUDP::endPacket()
 .text._ZN11EthernetUDP5writeEPKhj
                0x08001156       0x18 d:\Project\Arduino\STM32CORE\snmp\bin\libraries\Arduino-STM32-Ethernet-master\EthernetUdp.cpp.o
                0x08001156                EthernetUDP::write(unsigned char const*, unsigned int)
 .text._ZN11EthernetUDP4readEv
                0x0800116e       0x2c d:\Project\Arduino\STM32CORE\snmp\bin\libraries\Arduino-STM32-Ethernet-master\EthernetUdp.cpp.o
                0x0800116e                EthernetUDP::read()
 .text._ZN11EthernetUDP4readEPhj
                0x0800119a       0x28 d:\Project\Arduino\STM32CORE\snmp\bin\libraries\Arduino-STM32-Ethernet-master\EthernetUdp.cpp.o
                0x0800119a                EthernetUDP::read(unsigned char*, unsigned int)
 .text._ZN11EthernetUDP4peekEv
                0x080011c2       0x20 d:\Project\Arduino\STM32CORE\snmp\bin\libraries\Arduino-STM32-Ethernet-master\EthernetUdp.cpp.o
                0x080011c2                EthernetUDP::peek()
 *fill*         0x080011e2        0x2 
 .text._ZN11EthernetUDP11parsePacketEv
                0x080011e4       0x54 d:\Project\Arduino\STM32CORE\snmp\bin\libraries\Arduino-STM32-Ethernet-master\EthernetUdp.cpp.o
                0x080011e4                EthernetUDP::parsePacket()
 .text._ZN11EthernetUDP5beginEt
                0x08001238       0x4a d:\Project\Arduino\STM32CORE\snmp\bin\libraries\Arduino-STM32-Ethernet-master\EthernetUdp.cpp.o
                0x08001238                EthernetUDP::begin(unsigned short)
 *fill*         0x08001282        0x2 
 .text._ZN11EthernetUDPC2Ev
                0x08001284       0x28 d:\Project\Arduino\STM32CORE\snmp\bin\libraries\Arduino-STM32-Ethernet-master\EthernetUdp.cpp.o
                0x08001284                EthernetUDP::EthernetUDP()
                0x08001284                EthernetUDP::EthernetUDP()
 .text._ZN11EthernetUDP11beginPacketEPKct
                0x080012ac       0x5c d:\Project\Arduino\STM32CORE\snmp\bin\libraries\Arduino-STM32-Ethernet-master\EthernetUdp.cpp.o
                0x080012ac                EthernetUDP::beginPacket(char const*, unsigned short)
 .text.startup._GLOBAL__sub_I__ZN11EthernetUDPC2Ev
                0x08001308       0x1c d:\Project\Arduino\STM32CORE\snmp\bin\libraries\Arduino-STM32-Ethernet-master\EthernetUdp.cpp.o
 .text._ZN10W5500Class8writeGAREPh
                0x08001324        0xc d:\Project\Arduino\STM32CORE\snmp\bin\libraries\Arduino-STM32-Ethernet-master\Ethernet_STM.cpp.o
                0x08001324                W5500Class::writeGAR(unsigned char*)
 .text._ZN10W5500Class9writeSUBREPh
                0x08001330        0xc d:\Project\Arduino\STM32CORE\snmp\bin\libraries\Arduino-STM32-Ethernet-master\Ethernet_STM.cpp.o
                0x08001330                W5500Class::writeSUBR(unsigned char*)
 .text._ZN10W5500Class9writeSHAREPh
                0x0800133c        0xc d:\Project\Arduino\STM32CORE\snmp\bin\libraries\Arduino-STM32-Ethernet-master\Ethernet_STM.cpp.o
                0x0800133c                W5500Class::writeSHAR(unsigned char*)
 .text._ZN10W5500Class9writeSIPREPh
                0x08001348        0xc d:\Project\Arduino\STM32CORE\snmp\bin\libraries\Arduino-STM32-Ethernet-master\Ethernet_STM.cpp.o
                0x08001348                W5500Class::writeSIPR(unsigned char*)
 .text._ZN13EthernetClass5beginEPh9IPAddressS1_S1_S1_i
                0x08001354       0x38 d:\Project\Arduino\STM32CORE\snmp\bin\libraries\Arduino-STM32-Ethernet-master\Ethernet_STM.cpp.o
                0x08001354                EthernetClass::begin(unsigned char*, IPAddress, IPAddress, IPAddress, IPAddress, int)
 .text._ZN13EthernetClass5beginEPh9IPAddressS1_S1_i
                0x0800138c       0x60 d:\Project\Arduino\STM32CORE\snmp\bin\libraries\Arduino-STM32-Ethernet-master\Ethernet_STM.cpp.o
                0x0800138c                EthernetClass::begin(unsigned char*, IPAddress, IPAddress, IPAddress, int)
 .text._ZN13EthernetClass5beginEPh9IPAddressS1_i
                0x080013ec       0x38 d:\Project\Arduino\STM32CORE\snmp\bin\libraries\Arduino-STM32-Ethernet-master\Ethernet_STM.cpp.o
                0x080013ec                EthernetClass::begin(unsigned char*, IPAddress, IPAddress, int)
 .text._ZN13EthernetClass5beginEPh9IPAddressi
                0x08001424       0x2c d:\Project\Arduino\STM32CORE\snmp\bin\libraries\Arduino-STM32-Ethernet-master\Ethernet_STM.cpp.o
                0x08001424                EthernetClass::begin(unsigned char*, IPAddress, int)
 .text._ZN13EthernetClass11dnsServerIPEv
                0x08001450       0x10 d:\Project\Arduino\STM32CORE\snmp\bin\libraries\Arduino-STM32-Ethernet-master\Ethernet_STM.cpp.o
                0x08001450                EthernetClass::dnsServerIP()
 .text.startup._GLOBAL__sub_I__ZN13EthernetClass6_stateE
                0x08001460       0x30 d:\Project\Arduino\STM32CORE\snmp\bin\libraries\Arduino-STM32-Ethernet-master\Ethernet_STM.cpp.o
 .text.startup._GLOBAL__sub_I__ZN7TwitterC2EPKc
                0x08001490       0x1c d:\Project\Arduino\STM32CORE\snmp\bin\libraries\Arduino-STM32-Ethernet-master\Twitter.cpp.o
 .text._ZN10W5500Class11writeSnDIPREhPh
                0x080014ac       0x12 d:\Project\Arduino\STM32CORE\snmp\bin\libraries\Arduino-STM32-Ethernet-master\utility\socket.cpp.o
                0x080014ac                W5500Class::writeSnDIPR(unsigned char, unsigned char*)
 .text._ZN10W5500Class6readSnEht
                0x080014be       0x10 d:\Project\Arduino\STM32CORE\snmp\bin\libraries\Arduino-STM32-Ethernet-master\utility\socket.cpp.o
                0x080014be                W5500Class::readSn(unsigned char, unsigned short)
 .text._ZN10W5500Class8readSnIREh
                0x080014ce        0xa d:\Project\Arduino\STM32CORE\snmp\bin\libraries\Arduino-STM32-Ethernet-master\utility\socket.cpp.o
                0x080014ce                W5500Class::readSnIR(unsigned char)
 .text._ZN10W5500Class7writeSnEhth
                0x080014d8       0x10 d:\Project\Arduino\STM32CORE\snmp\bin\libraries\Arduino-STM32-Ethernet-master\utility\socket.cpp.o
                0x080014d8                W5500Class::writeSn(unsigned char, unsigned short, unsigned char)
 .text._ZN10W5500Class11writeSnPORTEht
                0x080014e8       0x1a d:\Project\Arduino\STM32CORE\snmp\bin\libraries\Arduino-STM32-Ethernet-master\utility\socket.cpp.o
                0x080014e8                W5500Class::writeSnPORT(unsigned char, unsigned short)
 .text._ZN10W5500Class9writeSnIREhh
                0x08001502        0xc d:\Project\Arduino\STM32CORE\snmp\bin\libraries\Arduino-STM32-Ethernet-master\utility\socket.cpp.o
                0x08001502                W5500Class::writeSnIR(unsigned char, unsigned char)
 .text._ZN10W5500Class12writeSnDPORTEht
                0x0800150e       0x1a d:\Project\Arduino\STM32CORE\snmp\bin\libraries\Arduino-STM32-Ethernet-master\utility\socket.cpp.o
                0x0800150e                W5500Class::writeSnDPORT(unsigned char, unsigned short)
 .text._Z5closeh
                0x08001528       0x1c d:\Project\Arduino\STM32CORE\snmp\bin\libraries\Arduino-STM32-Ethernet-master\utility\socket.cpp.o
                0x08001528                close(unsigned char)
 .text._Z6sockethhth
                0x08001544       0x50 d:\Project\Arduino\STM32CORE\snmp\bin\libraries\Arduino-STM32-Ethernet-master\utility\socket.cpp.o
                0x08001544                socket(unsigned char, unsigned char, unsigned short, unsigned char)
 .text._Z4recvhPhs
                0x08001594       0x5c d:\Project\Arduino\STM32CORE\snmp\bin\libraries\Arduino-STM32-Ethernet-master\utility\socket.cpp.o
                0x08001594                recv(unsigned char, unsigned char*, short)
 .text._Z4peekhPh
                0x080015f0       0x1c d:\Project\Arduino\STM32CORE\snmp\bin\libraries\Arduino-STM32-Ethernet-master\utility\socket.cpp.o
                0x080015f0                peek(unsigned char, unsigned char*)
 .text._Z10bufferDatahtPKht
                0x0800160c       0x38 d:\Project\Arduino\STM32CORE\snmp\bin\libraries\Arduino-STM32-Ethernet-master\utility\socket.cpp.o
                0x0800160c                bufferData(unsigned char, unsigned short, unsigned char const*, unsigned short)
 .text._Z8startUDPhPht
                0x08001644       0x2e d:\Project\Arduino\STM32CORE\snmp\bin\libraries\Arduino-STM32-Ethernet-master\utility\socket.cpp.o
                0x08001644                startUDP(unsigned char, unsigned char*, unsigned short)
 *fill*         0x08001672        0x2 
 .text._Z7sendUDPh
                0x08001674       0x40 d:\Project\Arduino\STM32CORE\snmp\bin\libraries\Arduino-STM32-Ethernet-master\utility\socket.cpp.o
                0x08001674                sendUDP(unsigned char)
 .text._ZN11SPISettingsC2Em8BitOrderhb
                0x080016b4       0x1e d:\Project\Arduino\STM32CORE\snmp\bin\libraries\Arduino-STM32-Ethernet-master\utility\w5500.cpp.o
                0x080016b4                SPISettings::SPISettings(unsigned long, BitOrder, unsigned char, bool)
                0x080016b4                SPISettings::SPISettings(unsigned long, BitOrder, unsigned char, bool)
 .text._ZN8SPIClass8transferEh15SPITransferMode
                0x080016d2        0xa d:\Project\Arduino\STM32CORE\snmp\bin\libraries\Arduino-STM32-Ethernet-master\utility\w5500.cpp.o
                0x080016d2                SPIClass::transfer(unsigned char, SPITransferMode)
 .text._ZN10W5500Class5writeEthh
                0x080016dc       0x84 d:\Project\Arduino\STM32CORE\snmp\bin\libraries\Arduino-STM32-Ethernet-master\utility\w5500.cpp.o
                0x080016dc                W5500Class::write(unsigned short, unsigned char, unsigned char)
 .text._ZN10W5500Class4initEi
                0x08001760       0x84 d:\Project\Arduino\STM32CORE\snmp\bin\libraries\Arduino-STM32-Ethernet-master\utility\w5500.cpp.o
                0x08001760                W5500Class::init(int)
 .text._ZN10W5500Class5writeEthPKht
                0x080017e4       0x90 d:\Project\Arduino\STM32CORE\snmp\bin\libraries\Arduino-STM32-Ethernet-master\utility\w5500.cpp.o
                0x080017e4                W5500Class::write(unsigned short, unsigned char, unsigned char const*, unsigned short)
 .text._ZN10W5500Class4readEth
                0x08001874       0x78 d:\Project\Arduino\STM32CORE\snmp\bin\libraries\Arduino-STM32-Ethernet-master\utility\w5500.cpp.o
                0x08001874                W5500Class::read(unsigned short, unsigned char)
 .text._ZN10W5500Class12readSnTX_FSREh
                0x080018ec       0x1c d:\Project\Arduino\STM32CORE\snmp\bin\libraries\Arduino-STM32-Ethernet-master\utility\w5500.cpp.o
                0x080018ec                W5500Class::readSnTX_FSR(unsigned char)
 .text._ZN10W5500Class13getTXFreeSizeEh
                0x08001908       0x20 d:\Project\Arduino\STM32CORE\snmp\bin\libraries\Arduino-STM32-Ethernet-master\utility\w5500.cpp.o
                0x08001908                W5500Class::getTXFreeSize(unsigned char)
 .text._ZN10W5500Class12readSnRX_RSREh
                0x08001928       0x1c d:\Project\Arduino\STM32CORE\snmp\bin\libraries\Arduino-STM32-Ethernet-master\utility\w5500.cpp.o
                0x08001928                W5500Class::readSnRX_RSR(unsigned char)
 .text._ZN10W5500Class17getRXReceivedSizeEh
                0x08001944       0x20 d:\Project\Arduino\STM32CORE\snmp\bin\libraries\Arduino-STM32-Ethernet-master\utility\w5500.cpp.o
                0x08001944                W5500Class::getRXReceivedSize(unsigned char)
 .text._ZN10W5500Class27send_data_processing_offsetEhtPKht
                0x08001964       0x5a d:\Project\Arduino\STM32CORE\snmp\bin\libraries\Arduino-STM32-Ethernet-master\utility\w5500.cpp.o
                0x08001964                W5500Class::send_data_processing_offset(unsigned char, unsigned short, unsigned char const*, unsigned short)
 *fill*         0x080019be        0x2 
 .text._ZN10W5500Class4readEthPht
                0x080019c0       0x94 d:\Project\Arduino\STM32CORE\snmp\bin\libraries\Arduino-STM32-Ethernet-master\utility\w5500.cpp.o
                0x080019c0                W5500Class::read(unsigned short, unsigned char, unsigned char*, unsigned short)
 .text._ZN10W5500Class9read_dataEhtPVht
                0x08001a54       0x22 d:\Project\Arduino\STM32CORE\snmp\bin\libraries\Arduino-STM32-Ethernet-master\utility\w5500.cpp.o
                0x08001a54                W5500Class::read_data(unsigned char, unsigned short, unsigned char volatile*, unsigned short)
 .text._ZN10W5500Class20recv_data_processingEhPhth
                0x08001a76       0x58 d:\Project\Arduino\STM32CORE\snmp\bin\libraries\Arduino-STM32-Ethernet-master\utility\w5500.cpp.o
                0x08001a76                W5500Class::recv_data_processing(unsigned char, unsigned char*, unsigned short, unsigned char)
 .text._ZN10W5500Class9execCmdSnEh7SockCMD
                0x08001ace       0x1a d:\Project\Arduino\STM32CORE\snmp\bin\libraries\Arduino-STM32-Ethernet-master\utility\w5500.cpp.o
                0x08001ace                W5500Class::execCmdSn(unsigned char, SockCMD)
 .text.startup._GLOBAL__sub_I_W5100
                0x08001ae8       0x1c d:\Project\Arduino\STM32CORE\snmp\bin\libraries\Arduino-STM32-Ethernet-master\utility\w5500.cpp.o
 .text._ZN14AgentuinoClass12onPduReceiveEPFvvE
                0x08001b04        0x6 d:\Project\Arduino\STM32CORE\snmp\bin\libraries\Agentuino\Agentuino.cpp.o
                0x08001b04                AgentuinoClass::onPduReceive(void (*)())
 .text._ZN14AgentuinoClass7freePduEP8SNMP_PDU
                0x08001b0a        0x6 d:\Project\Arduino\STM32CORE\snmp\bin\libraries\Agentuino\Agentuino.cpp.o
                0x08001b0a                AgentuinoClass::freePdu(SNMP_PDU*)
 .text.startup._GLOBAL__sub_I_Udp
                0x08001b10       0x24 d:\Project\Arduino\STM32CORE\snmp\bin\libraries\Agentuino\Agentuino.cpp.o
 .text._ZN14AgentuinoClass5beginEv
                0x08001b34       0x34 d:\Project\Arduino\STM32CORE\snmp\bin\libraries\Agentuino\Agentuino.cpp.o
                0x08001b34                AgentuinoClass::begin()
 .text._ZN14AgentuinoClass6listenEv
                0x08001b68       0x24 d:\Project\Arduino\STM32CORE\snmp\bin\libraries\Agentuino\Agentuino.cpp.o
                0x08001b68                AgentuinoClass::listen()
 .text._ZN14AgentuinoClass10requestPduEP8SNMP_PDU
                0x08001b8c      0x214 d:\Project\Arduino\STM32CORE\snmp\bin\libraries\Agentuino\Agentuino.cpp.o
                0x08001b8c                AgentuinoClass::requestPdu(SNMP_PDU*)
 .text._ZN14AgentuinoClass11responsePduEP8SNMP_PDU
                0x08001da0      0x24c d:\Project\Arduino\STM32CORE\snmp\bin\libraries\Agentuino\Agentuino.cpp.o
                0x08001da0                AgentuinoClass::responsePdu(SNMP_PDU*)
 .text._ZNK13_FLASH_STRING5printER5Print
                0x08001fec       0x1a d:\Project\Arduino\STM32CORE\snmp\bin\libraries\Flash\Flash.cpp.o
                0x08001fec                _FLASH_STRING::print(Print&) const
 *fill*         0x08002006        0x2 
 .text._ZN13_FLASH_STRINGC2EPKc
                0x08002008        0xc d:\Project\Arduino\STM32CORE\snmp\bin\libraries\Flash\Flash.cpp.o
                0x08002008                _FLASH_STRING::_FLASH_STRING(char const*)
                0x08002008                _FLASH_STRING::_FLASH_STRING(char const*)
 .text.HAL_MspInit
                0x08002014        0x2 d:\Project\Arduino\STM32CORE\snmp\bin\libraries\SrcWrapper\HAL\stm32yyxx_hal.c.o
                0x08002014                HAL_MspInit
 *fill*         0x08002016        0x2 
 .text.HAL_InitTick
                0x08002018       0x48 d:\Project\Arduino\STM32CORE\snmp\bin\libraries\SrcWrapper\HAL\stm32yyxx_hal.c.o
                0x08002018                HAL_InitTick
 .text.HAL_Init
                0x08002060       0x24 d:\Project\Arduino\STM32CORE\snmp\bin\libraries\SrcWrapper\HAL\stm32yyxx_hal.c.o
                0x08002060                HAL_Init
 .text.HAL_IncTick
                0x08002084       0x18 d:\Project\Arduino\STM32CORE\snmp\bin\libraries\SrcWrapper\HAL\stm32yyxx_hal.c.o
                0x08002084                HAL_IncTick
 .text.HAL_GetTick
                0x0800209c        0xc d:\Project\Arduino\STM32CORE\snmp\bin\libraries\SrcWrapper\HAL\stm32yyxx_hal.c.o
                0x0800209c                HAL_GetTick
 .text.HAL_NVIC_SetPriorityGrouping
                0x080020a8       0x24 d:\Project\Arduino\STM32CORE\snmp\bin\libraries\SrcWrapper\HAL\stm32yyxx_hal_cortex.c.o
                0x080020a8                HAL_NVIC_SetPriorityGrouping
 .text.HAL_NVIC_SetPriority
                0x080020cc       0x64 d:\Project\Arduino\STM32CORE\snmp\bin\libraries\SrcWrapper\HAL\stm32yyxx_hal_cortex.c.o
                0x080020cc                HAL_NVIC_SetPriority
 .text.HAL_NVIC_EnableIRQ
                0x08002130       0x1c d:\Project\Arduino\STM32CORE\snmp\bin\libraries\SrcWrapper\HAL\stm32yyxx_hal_cortex.c.o
                0x08002130                HAL_NVIC_EnableIRQ
 .text.HAL_NVIC_DisableIRQ
                0x0800214c       0x28 d:\Project\Arduino\STM32CORE\snmp\bin\libraries\SrcWrapper\HAL\stm32yyxx_hal_cortex.c.o
                0x0800214c                HAL_NVIC_DisableIRQ
 .text.HAL_SYSTICK_Config
                0x08002174       0x2c d:\Project\Arduino\STM32CORE\snmp\bin\libraries\SrcWrapper\HAL\stm32yyxx_hal_cortex.c.o
                0x08002174                HAL_SYSTICK_Config
 .text.HAL_NVIC_ClearPendingIRQ
                0x080021a0       0x20 d:\Project\Arduino\STM32CORE\snmp\bin\libraries\SrcWrapper\HAL\stm32yyxx_hal_cortex.c.o
                0x080021a0                HAL_NVIC_ClearPendingIRQ
 .text.HAL_SYSTICK_Callback
                0x080021c0        0x2 d:\Project\Arduino\STM32CORE\snmp\bin\libraries\SrcWrapper\HAL\stm32yyxx_hal_cortex.c.o
                0x080021c0                HAL_SYSTICK_Callback
 .text.HAL_SYSTICK_IRQHandler
                0x080021c2        0x8 d:\Project\Arduino\STM32CORE\snmp\bin\libraries\SrcWrapper\HAL\stm32yyxx_hal_cortex.c.o
                0x080021c2                HAL_SYSTICK_IRQHandler
 *fill*         0x080021ca        0x2 
 .text.HAL_DMA_Abort_IT
                0x080021cc       0x8c d:\Project\Arduino\STM32CORE\snmp\bin\libraries\SrcWrapper\HAL\stm32yyxx_hal_dma.c.o
                0x080021cc                HAL_DMA_Abort_IT
 .text.HAL_GPIO_EXTI_IRQHandler
                0x08002258       0x18 d:\Project\Arduino\STM32CORE\snmp\bin\libraries\SrcWrapper\HAL\stm32yyxx_hal_gpio.c.o
                0x08002258                HAL_GPIO_EXTI_IRQHandler
 .text.HAL_RCC_OscConfig
                0x08002270      0x338 d:\Project\Arduino\STM32CORE\snmp\bin\libraries\SrcWrapper\HAL\stm32yyxx_hal_rcc.c.o
                0x08002270                HAL_RCC_OscConfig
 .text.HAL_RCC_GetSysClockFreq
                0x080025a8       0x74 d:\Project\Arduino\STM32CORE\snmp\bin\libraries\SrcWrapper\HAL\stm32yyxx_hal_rcc.c.o
                0x080025a8                HAL_RCC_GetSysClockFreq
 .text.HAL_RCC_ClockConfig
                0x0800261c      0x138 d:\Project\Arduino\STM32CORE\snmp\bin\libraries\SrcWrapper\HAL\stm32yyxx_hal_rcc.c.o
                0x0800261c                HAL_RCC_ClockConfig
 .text.HAL_RCC_GetPCLK1Freq
                0x08002754       0x20 d:\Project\Arduino\STM32CORE\snmp\bin\libraries\SrcWrapper\HAL\stm32yyxx_hal_rcc.c.o
                0x08002754                HAL_RCC_GetPCLK1Freq
 .text.HAL_RCC_GetPCLK2Freq
                0x08002774       0x20 d:\Project\Arduino\STM32CORE\snmp\bin\libraries\SrcWrapper\HAL\stm32yyxx_hal_rcc.c.o
                0x08002774                HAL_RCC_GetPCLK2Freq
 .text.HAL_RCCEx_PeriphCLKConfig
                0x08002794       0xf0 d:\Project\Arduino\STM32CORE\snmp\bin\libraries\SrcWrapper\HAL\stm32yyxx_hal_rcc_ex.c.o
                0x08002794                HAL_RCCEx_PeriphCLKConfig
 .text.HAL_RTC_AlarmIRQHandler
                0x08002884       0x30 d:\Project\Arduino\STM32CORE\snmp\bin\libraries\SrcWrapper\HAL\stm32yyxx_hal_rtc.c.o
                0x08002884                HAL_RTC_AlarmIRQHandler
 .text.HAL_SPI_MspInit
                0x080028b4        0x2 d:\Project\Arduino\STM32CORE\snmp\bin\libraries\SrcWrapper\HAL\stm32yyxx_hal_spi.c.o
                0x080028b4                HAL_SPI_MspInit
 .text.HAL_SPI_Init
                0x080028b6       0x76 d:\Project\Arduino\STM32CORE\snmp\bin\libraries\SrcWrapper\HAL\stm32yyxx_hal_spi.c.o
                0x080028b6                HAL_SPI_Init
 .text.HAL_TIM_PWM_PulseFinishedCallback
                0x0800292c        0x2 d:\Project\Arduino\STM32CORE\snmp\bin\libraries\SrcWrapper\HAL\stm32yyxx_hal_tim.c.o
                0x0800292c                HAL_TIM_PWM_PulseFinishedCallback
 .text.HAL_TIM_TriggerCallback
                0x0800292e        0x2 d:\Project\Arduino\STM32CORE\snmp\bin\libraries\SrcWrapper\HAL\stm32yyxx_hal_tim.c.o
                0x0800292e                HAL_TIM_TriggerCallback
 .text.HAL_TIM_IRQHandler
                0x08002930      0x144 d:\Project\Arduino\STM32CORE\snmp\bin\libraries\SrcWrapper\HAL\stm32yyxx_hal_tim.c.o
                0x08002930                HAL_TIM_IRQHandler
 .text.TIM_Base_SetConfig
                0x08002a74       0x70 d:\Project\Arduino\STM32CORE\snmp\bin\libraries\SrcWrapper\HAL\stm32yyxx_hal_tim.c.o
                0x08002a74                TIM_Base_SetConfig
 .text.HAL_TIM_Base_Init
                0x08002ae4       0x34 d:\Project\Arduino\STM32CORE\snmp\bin\libraries\SrcWrapper\HAL\stm32yyxx_hal_tim.c.o
                0x08002ae4                HAL_TIM_Base_Init
 .text.HAL_TIMEx_CommutCallback
                0x08002b18        0x2 d:\Project\Arduino\STM32CORE\snmp\bin\libraries\SrcWrapper\HAL\stm32yyxx_hal_tim_ex.c.o
                0x08002b18                HAL_TIMEx_CommutCallback
 .text.HAL_TIMEx_BreakCallback
                0x08002b1a        0x2 d:\Project\Arduino\STM32CORE\snmp\bin\libraries\SrcWrapper\HAL\stm32yyxx_hal_tim_ex.c.o
                0x08002b1a                HAL_TIMEx_BreakCallback
 .text.UART_EndRxTransfer
                0x08002b1c       0x1a d:\Project\Arduino\STM32CORE\snmp\bin\libraries\SrcWrapper\HAL\stm32yyxx_hal_uart.c.o
 *fill*         0x08002b36        0x2 
 .text.UART_SetConfig
                0x08002b38       0x74 d:\Project\Arduino\STM32CORE\snmp\bin\libraries\SrcWrapper\HAL\stm32yyxx_hal_uart.c.o
 .text.HAL_UART_MspInit
                0x08002bac        0x2 d:\Project\Arduino\STM32CORE\snmp\bin\libraries\SrcWrapper\HAL\stm32yyxx_hal_uart.c.o
                0x08002bac                HAL_UART_MspInit
 .text.HAL_UART_Init
                0x08002bae       0x5c d:\Project\Arduino\STM32CORE\snmp\bin\libraries\SrcWrapper\HAL\stm32yyxx_hal_uart.c.o
                0x08002bae                HAL_UART_Init
 .text.HAL_HalfDuplex_Init
                0x08002c0a       0x64 d:\Project\Arduino\STM32CORE\snmp\bin\libraries\SrcWrapper\HAL\stm32yyxx_hal_uart.c.o
                0x08002c0a                HAL_HalfDuplex_Init
 .text.HAL_UART_Transmit_IT
                0x08002c6e       0x3e d:\Project\Arduino\STM32CORE\snmp\bin\libraries\SrcWrapper\HAL\stm32yyxx_hal_uart.c.o
                0x08002c6e                HAL_UART_Transmit_IT
 .text.HAL_UART_Receive_IT
                0x08002cac       0x4e d:\Project\Arduino\STM32CORE\snmp\bin\libraries\SrcWrapper\HAL\stm32yyxx_hal_uart.c.o
                0x08002cac                HAL_UART_Receive_IT
 .text.UART_Receive_IT
                0x08002cfa       0x76 d:\Project\Arduino\STM32CORE\snmp\bin\libraries\SrcWrapper\HAL\stm32yyxx_hal_uart.c.o
 .text.HAL_UART_IRQHandler
                0x08002d70      0x140 d:\Project\Arduino\STM32CORE\snmp\bin\libraries\SrcWrapper\HAL\stm32yyxx_hal_uart.c.o
                0x08002d70                HAL_UART_IRQHandler
 .text.UART_DMAAbortOnError
                0x08002eb0       0x10 d:\Project\Arduino\STM32CORE\snmp\bin\libraries\SrcWrapper\HAL\stm32yyxx_hal_uart.c.o
 .text.HAL_HalfDuplex_EnableTransmitter
                0x08002ec0       0x30 d:\Project\Arduino\STM32CORE\snmp\bin\libraries\SrcWrapper\HAL\stm32yyxx_hal_uart.c.o
                0x08002ec0                HAL_HalfDuplex_EnableTransmitter
 .text.HAL_HalfDuplex_EnableReceiver
                0x08002ef0       0x30 d:\Project\Arduino\STM32CORE\snmp\bin\libraries\SrcWrapper\HAL\stm32yyxx_hal_uart.c.o
                0x08002ef0                HAL_HalfDuplex_EnableReceiver
 .text.HAL_UART_GetState
                0x08002f20        0xc d:\Project\Arduino\STM32CORE\snmp\bin\libraries\SrcWrapper\HAL\stm32yyxx_hal_uart.c.o
                0x08002f20                HAL_UART_GetState
 .text.set_GPIO_Port_Clock
                0x08002f2c       0xa8 d:\Project\Arduino\STM32CORE\snmp\bin\libraries\SrcWrapper\stm32\PortNames.c.o
                0x08002f2c                set_GPIO_Port_Clock
 .text.pwm_stop
                0x08002fd4       0x5c d:\Project\Arduino\STM32CORE\snmp\bin\libraries\SrcWrapper\stm32\analog.cpp.o
                0x08002fd4                pwm_stop
 .text.getCurrentMillis
                0x08003030        0x4 d:\Project\Arduino\STM32CORE\snmp\bin\libraries\SrcWrapper\stm32\clock.c.o
                0x08003030                getCurrentMillis
 .text.noOsSystickHandler
                0x08003034        0x2 d:\Project\Arduino\STM32CORE\snmp\bin\libraries\SrcWrapper\stm32\clock.c.o
                0x08003034                osSystickHandler
                0x08003034                noOsSystickHandler
 .text.SysTick_Handler
                0x08003036       0x10 d:\Project\Arduino\STM32CORE\snmp\bin\libraries\SrcWrapper\stm32\clock.c.o
                0x08003036                SysTick_Handler
 *fill*         0x08003046        0x2 
 .text.dwt_init
                0x08003048       0x38 d:\Project\Arduino\STM32CORE\snmp\bin\libraries\SrcWrapper\stm32\dwt.c.o
                0x08003048                dwt_init
 .text.hw_config_init
                0x08003080       0x12 d:\Project\Arduino\STM32CORE\snmp\bin\libraries\SrcWrapper\stm32\hw_config.c.o
                0x08003080                hw_config_init
 .text._ZNSt14_Function_baseD2Ev
                0x08003092       0x12 d:\Project\Arduino\STM32CORE\snmp\bin\libraries\SrcWrapper\stm32\interrupt.cpp.o
                0x08003092                std::_Function_base::~_Function_base()
                0x08003092                std::_Function_base::~_Function_base()
 .text.HAL_GPIO_EXTI_Callback
                0x080030a4       0x2c d:\Project\Arduino\STM32CORE\snmp\bin\libraries\SrcWrapper\stm32\interrupt.cpp.o
                0x080030a4                HAL_GPIO_EXTI_Callback
 .text.EXTI0_IRQHandler
                0x080030d0        0x6 d:\Project\Arduino\STM32CORE\snmp\bin\libraries\SrcWrapper\stm32\interrupt.cpp.o
                0x080030d0                EXTI0_IRQHandler
 .text.EXTI1_IRQHandler
                0x080030d6        0x6 d:\Project\Arduino\STM32CORE\snmp\bin\libraries\SrcWrapper\stm32\interrupt.cpp.o
                0x080030d6                EXTI1_IRQHandler
 .text.EXTI2_IRQHandler
                0x080030dc        0x6 d:\Project\Arduino\STM32CORE\snmp\bin\libraries\SrcWrapper\stm32\interrupt.cpp.o
                0x080030dc                EXTI2_IRQHandler
 .text.EXTI3_IRQHandler
                0x080030e2        0x6 d:\Project\Arduino\STM32CORE\snmp\bin\libraries\SrcWrapper\stm32\interrupt.cpp.o
                0x080030e2                EXTI3_IRQHandler
 .text.EXTI4_IRQHandler
                0x080030e8        0x6 d:\Project\Arduino\STM32CORE\snmp\bin\libraries\SrcWrapper\stm32\interrupt.cpp.o
                0x080030e8                EXTI4_IRQHandler
 .text.EXTI9_5_IRQHandler
                0x080030ee       0x16 d:\Project\Arduino\STM32CORE\snmp\bin\libraries\SrcWrapper\stm32\interrupt.cpp.o
                0x080030ee                EXTI9_5_IRQHandler
 .text.EXTI15_10_IRQHandler
                0x08003104       0x18 d:\Project\Arduino\STM32CORE\snmp\bin\libraries\SrcWrapper\stm32\interrupt.cpp.o
                0x08003104                EXTI15_10_IRQHandler
 .text.startup._GLOBAL__sub_I__Z22stm32_interrupt_enableP12GPIO_TypeDeftSt8functionIFvvEEm
                0x0800311c       0x88 d:\Project\Arduino\STM32CORE\snmp\bin\libraries\SrcWrapper\stm32\interrupt.cpp.o
 .text.exit._GLOBAL__sub_D__Z22stm32_interrupt_enableP12GPIO_TypeDeftSt8functionIFvvEEm
                0x080031a4       0x1c d:\Project\Arduino\STM32CORE\snmp\bin\libraries\SrcWrapper\stm32\interrupt.cpp.o
 .text.pin_SetF1AFPin
                0x080031c0      0x1f8 d:\Project\Arduino\STM32CORE\snmp\bin\libraries\SrcWrapper\stm32\pinmap.c.o
 .text.LL_GPIO_SetPinMode
                0x080033b8       0x2e d:\Project\Arduino\STM32CORE\snmp\bin\libraries\SrcWrapper\stm32\pinmap.c.o
 .text.LL_GPIO_SetPinOutputType
                0x080033e6       0x2e d:\Project\Arduino\STM32CORE\snmp\bin\libraries\SrcWrapper\stm32\pinmap.c.o
 .text.pin_in_pinmap
                0x08003414       0x1e d:\Project\Arduino\STM32CORE\snmp\bin\libraries\SrcWrapper\stm32\pinmap.c.o
                0x08003414                pin_in_pinmap
 *fill*         0x08003432        0x2 
 .text.pin_function
                0x08003434      0x19c d:\Project\Arduino\STM32CORE\snmp\bin\libraries\SrcWrapper\stm32\pinmap.c.o
                0x08003434                pin_function
 .text.pinmap_pinout
                0x080035d0       0x28 d:\Project\Arduino\STM32CORE\snmp\bin\libraries\SrcWrapper\stm32\pinmap.c.o
                0x080035d0                pinmap_pinout
 .text.pinmap_find_peripheral
                0x080035f8       0x18 d:\Project\Arduino\STM32CORE\snmp\bin\libraries\SrcWrapper\stm32\pinmap.c.o
                0x080035f8                pinmap_find_peripheral
 .text.pinmap_peripheral
                0x08003610        0xc d:\Project\Arduino\STM32CORE\snmp\bin\libraries\SrcWrapper\stm32\pinmap.c.o
                0x08003610                pinmap_peripheral
 .text.pinmap_find_pin
                0x0800361c       0x18 d:\Project\Arduino\STM32CORE\snmp\bin\libraries\SrcWrapper\stm32\pinmap.c.o
                0x0800361c                pinmap_find_pin
 .text.pinmap_pin
                0x08003634        0xc d:\Project\Arduino\STM32CORE\snmp\bin\libraries\SrcWrapper\stm32\pinmap.c.o
                0x08003634                pinmap_pin
 .text.pinmap_merge_peripheral
                0x08003640       0x14 d:\Project\Arduino\STM32CORE\snmp\bin\libraries\SrcWrapper\stm32\pinmap.c.o
                0x08003640                pinmap_merge_peripheral
 .text.HAL_RTC_AlarmAEventCallback
                0x08003654       0x18 d:\Project\Arduino\STM32CORE\snmp\bin\libraries\SrcWrapper\stm32\rtc.c.o
                0x08003654                HAL_RTC_AlarmAEventCallback
 .text.RTC_Alarm_IRQHandler
                0x0800366c        0xc d:\Project\Arduino\STM32CORE\snmp\bin\libraries\SrcWrapper\stm32\rtc.c.o
                0x0800366c                RTC_Alarm_IRQHandler
 .text._Error_Handler
                0x08003678        0x2 d:\Project\Arduino\STM32CORE\snmp\bin\libraries\SrcWrapper\stm32\stm32_def.c.o
                0x08003678                _Error_Handler
 *fill*         0x0800367a        0x2 
 .text.SystemInit
                0x0800367c       0x4c d:\Project\Arduino\STM32CORE\snmp\bin\libraries\SrcWrapper\stm32\system_stm32yyxx.c.o
                0x0800367c                SystemInit
 .text.get_timer_obj
                0x080036c8        0x4 d:\Project\Arduino\STM32CORE\snmp\bin\libraries\SrcWrapper\stm32\timer.c.o
                0x080036c8                get_timer_obj
 .text.enableTimerClock
                0x080036cc       0x88 d:\Project\Arduino\STM32CORE\snmp\bin\libraries\SrcWrapper\stm32\timer.c.o
                0x080036cc                enableTimerClock
 .text.disableTimerClock
                0x08003754       0x5c d:\Project\Arduino\STM32CORE\snmp\bin\libraries\SrcWrapper\stm32\timer.c.o
                0x08003754                disableTimerClock
 .text.getTimerUpIrq
                0x080037b0       0x4c d:\Project\Arduino\STM32CORE\snmp\bin\libraries\SrcWrapper\stm32\timer.c.o
                0x080037b0                getTimerUpIrq
 .text.getTimerCCIrq
                0x080037fc       0x4c d:\Project\Arduino\STM32CORE\snmp\bin\libraries\SrcWrapper\stm32\timer.c.o
                0x080037fc                getTimerCCIrq
 .text.HAL_TIM_Base_MspInit
                0x08003848       0x50 d:\Project\Arduino\STM32CORE\snmp\bin\libraries\SrcWrapper\stm32\timer.c.o
                0x08003848                HAL_TIM_Base_MspInit
 .text.uart_init.part.0
                0x08003898      0x14c d:\Project\Arduino\STM32CORE\snmp\bin\libraries\SrcWrapper\stm32\uart.c.o
 .text.uart_init
                0x080039e4        0x8 d:\Project\Arduino\STM32CORE\snmp\bin\libraries\SrcWrapper\stm32\uart.c.o
                0x080039e4                uart_init
 .text.serial_rx_active
                0x080039ec       0x24 d:\Project\Arduino\STM32CORE\snmp\bin\libraries\SrcWrapper\stm32\uart.c.o
                0x080039ec                serial_rx_active
 .text.serial_tx_active
                0x08003a10       0x24 d:\Project\Arduino\STM32CORE\snmp\bin\libraries\SrcWrapper\stm32\uart.c.o
                0x08003a10                serial_tx_active
 .text.uart_getc
                0x08003a34       0x38 d:\Project\Arduino\STM32CORE\snmp\bin\libraries\SrcWrapper\stm32\uart.c.o
                0x08003a34                uart_getc
 .text.uart_attach_rx_callback
                0x08003a6c       0x4c d:\Project\Arduino\STM32CORE\snmp\bin\libraries\SrcWrapper\stm32\uart.c.o
                0x08003a6c                uart_attach_rx_callback
 .text.uart_attach_tx_callback
                0x08003ab8       0x48 d:\Project\Arduino\STM32CORE\snmp\bin\libraries\SrcWrapper\stm32\uart.c.o
                0x08003ab8                uart_attach_tx_callback
 .text.uart_enable_tx
                0x08003b00       0x20 d:\Project\Arduino\STM32CORE\snmp\bin\libraries\SrcWrapper\stm32\uart.c.o
                0x08003b00                uart_enable_tx
 .text.uart_enable_rx
                0x08003b20       0x20 d:\Project\Arduino\STM32CORE\snmp\bin\libraries\SrcWrapper\stm32\uart.c.o
                0x08003b20                uart_enable_rx
 .text.HAL_UART_RxCpltCallback
                0x08003b40        0x6 d:\Project\Arduino\STM32CORE\snmp\bin\libraries\SrcWrapper\stm32\uart.c.o
                0x08003b40                HAL_UART_RxCpltCallback
 .text.HAL_UART_TxCpltCallback
                0x08003b46       0x26 d:\Project\Arduino\STM32CORE\snmp\bin\libraries\SrcWrapper\stm32\uart.c.o
                0x08003b46                HAL_UART_TxCpltCallback
 .text.HAL_UART_ErrorCallback
                0x08003b6c       0x7a d:\Project\Arduino\STM32CORE\snmp\bin\libraries\SrcWrapper\stm32\uart.c.o
                0x08003b6c                HAL_UART_ErrorCallback
 *fill*         0x08003be6        0x2 
 .text.USART1_IRQHandler
                0x08003be8       0x18 d:\Project\Arduino\STM32CORE\snmp\bin\libraries\SrcWrapper\stm32\uart.c.o
                0x08003be8                USART1_IRQHandler
 .text.USART2_IRQHandler
                0x08003c00       0x18 d:\Project\Arduino\STM32CORE\snmp\bin\libraries\SrcWrapper\stm32\uart.c.o
                0x08003c00                USART2_IRQHandler
 .text.USART3_IRQHandler
                0x08003c18       0x1c d:\Project\Arduino\STM32CORE\snmp\bin\libraries\SrcWrapper\stm32\uart.c.o
                0x08003c18                USART3_IRQHandler
 .text._sbrk    0x08003c34       0x3c d:\Project\Arduino\STM32CORE\snmp\bin\libraries\SrcWrapper\syscalls.c.o
                0x08003c34                _sbrk
 .text._exit    0x08003c70        0x2 d:\Project\Arduino\STM32CORE\snmp\bin\libraries\SrcWrapper\syscalls.c.o
                0x08003c70                _exit
 *fill*         0x08003c72        0x2 
 .text._kill    0x08003c74       0x10 d:\Project\Arduino\STM32CORE\snmp\bin\libraries\SrcWrapper\syscalls.c.o
                0x08003c74                _kill
 .text._getpid  0x08003c84        0x4 d:\Project\Arduino\STM32CORE\snmp\bin\libraries\SrcWrapper\syscalls.c.o
                0x08003c84                _getpid
 .text.SystemClock_Config
                0x08003c88       0x60 d:\Project\Arduino\STM32CORE\snmp\bin\core\variant.cpp.o
                0x08003c88                SystemClock_Config
 .text._ZN14HardwareSerial16_tx_complete_irqEP8serial_s
                0x08003ce8       0x24 d:\Project\Arduino\STM32CORE\snmp\bin\core\core.a(HardwareSerial.cpp.o)
                0x08003ce8                HardwareSerial::_tx_complete_irq(serial_s*)
 .text._ZN14HardwareSerial9availableEv
                0x08003d0c       0x10 d:\Project\Arduino\STM32CORE\snmp\bin\core\core.a(HardwareSerial.cpp.o)
                0x08003d0c                HardwareSerial::available()
 .text._ZN14HardwareSerial4peekEv
                0x08003d1c       0x1a d:\Project\Arduino\STM32CORE\snmp\bin\core\core.a(HardwareSerial.cpp.o)
                0x08003d1c                HardwareSerial::peek()
 .text._ZN14HardwareSerial16_rx_complete_irqEP8serial_s
                0x08003d36       0x38 d:\Project\Arduino\STM32CORE\snmp\bin\core\core.a(HardwareSerial.cpp.o)
                0x08003d36                HardwareSerial::_rx_complete_irq(serial_s*)
 *fill*         0x08003d6e        0x2 
 .text._ZN14HardwareSerial5writeEh
                0x08003d70       0x60 d:\Project\Arduino\STM32CORE\snmp\bin\core\core.a(HardwareSerial.cpp.o)
                0x08003d70                HardwareSerial::write(unsigned char)
 .text._ZN14HardwareSerial5flushEv
                0x08003dd0       0x14 d:\Project\Arduino\STM32CORE\snmp\bin\core\core.a(HardwareSerial.cpp.o)
                0x08003dd0                HardwareSerial::flush()
 .text._ZN14HardwareSerial4initE7PinNameS0_
                0x08003de4       0x2c d:\Project\Arduino\STM32CORE\snmp\bin\core\core.a(HardwareSerial.cpp.o)
                0x08003de4                HardwareSerial::init(PinName, PinName)
 .text._ZN14HardwareSerialC2EPv16HalfDuplexMode_t
                0x08003e10       0x7c d:\Project\Arduino\STM32CORE\snmp\bin\core\core.a(HardwareSerial.cpp.o)
                0x08003e10                HardwareSerial::HardwareSerial(void*, HalfDuplexMode_t)
                0x08003e10                HardwareSerial::HardwareSerial(void*, HalfDuplexMode_t)
 .text._ZN14HardwareSerial18enableHalfDuplexRxEv
                0x08003e8c       0x2c d:\Project\Arduino\STM32CORE\snmp\bin\core\core.a(HardwareSerial.cpp.o)
                0x08003e8c                HardwareSerial::enableHalfDuplexRx()
 .text._ZN14HardwareSerial5beginEmh
                0x08003eb8       0x9c d:\Project\Arduino\STM32CORE\snmp\bin\core\core.a(HardwareSerial.cpp.o)
                0x08003eb8                HardwareSerial::begin(unsigned long, unsigned char)
 .text._ZN14HardwareSerial4readEv
                0x08003f54       0x2e d:\Project\Arduino\STM32CORE\snmp\bin\core\core.a(HardwareSerial.cpp.o)
                0x08003f54                HardwareSerial::read()
 *fill*         0x08003f82        0x2 
 .text.startup._GLOBAL__sub_I_Serial1
                0x08003f84       0x14 d:\Project\Arduino\STM32CORE\snmp\bin\core\core.a(HardwareSerial.cpp.o)
 .text._ZNSt8functionIFvvEEaSEDn.isra.0
                0x08003f98       0x18 d:\Project\Arduino\STM32CORE\snmp\bin\core\core.a(HardwareTimer.cpp.o)
 .text._Z15get_timer_indexP11TIM_TypeDef
                0x08003fb0       0x38 d:\Project\Arduino\STM32CORE\snmp\bin\core\core.a(HardwareTimer.cpp.o)
                0x08003fb0                get_timer_index(TIM_TypeDef*)
 .text._ZN13HardwareTimerD2Ev
                0x08003fe8       0x40 d:\Project\Arduino\STM32CORE\snmp\bin\core\core.a(HardwareTimer.cpp.o)
                0x08003fe8                HardwareTimer::~HardwareTimer()
                0x08003fe8                HardwareTimer::~HardwareTimer()
 .text._ZN13HardwareTimerC2EP11TIM_TypeDef
                0x08004028       0xac d:\Project\Arduino\STM32CORE\snmp\bin\core\core.a(HardwareTimer.cpp.o)
                0x08004028                HardwareTimer::HardwareTimer(TIM_TypeDef*)
                0x08004028                HardwareTimer::HardwareTimer(TIM_TypeDef*)
 .text.TIM1_UP_IRQHandler
                0x080040d4       0x14 d:\Project\Arduino\STM32CORE\snmp\bin\core\core.a(HardwareTimer.cpp.o)
                0x080040d4                TIM1_UP_IRQHandler
 .text.TIM1_CC_IRQHandler
                0x080040e8        0x4 d:\Project\Arduino\STM32CORE\snmp\bin\core\core.a(HardwareTimer.cpp.o)
                0x080040e8                TIM1_CC_IRQHandler
 .text.TIM2_IRQHandler
                0x080040ec       0x14 d:\Project\Arduino\STM32CORE\snmp\bin\core\core.a(HardwareTimer.cpp.o)
                0x080040ec                TIM2_IRQHandler
 .text.TIM3_IRQHandler
                0x08004100       0x14 d:\Project\Arduino\STM32CORE\snmp\bin\core\core.a(HardwareTimer.cpp.o)
                0x08004100                TIM3_IRQHandler
 .text.TIM4_IRQHandler
                0x08004114       0x14 d:\Project\Arduino\STM32CORE\snmp\bin\core\core.a(HardwareTimer.cpp.o)
                0x08004114                TIM4_IRQHandler
 .text._ZNKSt8functionIFvvEEclEv
                0x08004128       0x12 d:\Project\Arduino\STM32CORE\snmp\bin\core\core.a(HardwareTimer.cpp.o)
                0x08004128                std::function<void ()>::operator()() const
 *fill*         0x0800413a        0x2 
 .text._ZN13HardwareTimer14updateCallbackEP17TIM_HandleTypeDef
                0x0800413c       0x28 d:\Project\Arduino\STM32CORE\snmp\bin\core\core.a(HardwareTimer.cpp.o)
                0x0800413c                HardwareTimer::updateCallback(TIM_HandleTypeDef*)
 .text.HAL_TIM_PeriodElapsedCallback
                0x08004164        0x4 d:\Project\Arduino\STM32CORE\snmp\bin\core\core.a(HardwareTimer.cpp.o)
                0x08004164                HAL_TIM_PeriodElapsedCallback
 .text._ZN13HardwareTimer22captureCompareCallbackEP17TIM_HandleTypeDef
                0x08004168       0x50 d:\Project\Arduino\STM32CORE\snmp\bin\core\core.a(HardwareTimer.cpp.o)
                0x08004168                HardwareTimer::captureCompareCallback(TIM_HandleTypeDef*)
 .text.HAL_TIM_OC_DelayElapsedCallback
                0x080041b8        0x4 d:\Project\Arduino\STM32CORE\snmp\bin\core\core.a(HardwareTimer.cpp.o)
                0x080041b8                HAL_TIM_OC_DelayElapsedCallback
 .text.HAL_TIM_IC_CaptureCallback
                0x080041bc        0x4 d:\Project\Arduino\STM32CORE\snmp\bin\core\core.a(HardwareTimer.cpp.o)
                0x080041bc                HAL_TIM_IC_CaptureCallback
 .text._ZNK9IPAddress7printToER5Print
                0x080041c0       0x40 d:\Project\Arduino\STM32CORE\snmp\bin\core\core.a(IPAddress.cpp.o)
                0x080041c0                IPAddress::printTo(Print&) const
 .text._ZN9IPAddressC2Ev
                0x08004200       0x10 d:\Project\Arduino\STM32CORE\snmp\bin\core\core.a(IPAddress.cpp.o)
                0x08004200                IPAddress::IPAddress()
                0x08004200                IPAddress::IPAddress()
 .text._ZN9IPAddressC2Ehhhh
                0x08004210       0x18 d:\Project\Arduino\STM32CORE\snmp\bin\core\core.a(IPAddress.cpp.o)
                0x08004210                IPAddress::IPAddress(unsigned char, unsigned char, unsigned char, unsigned char)
                0x08004210                IPAddress::IPAddress(unsigned char, unsigned char, unsigned char, unsigned char)
 .text._ZN9IPAddressC2EPKh
                0x08004228       0x10 d:\Project\Arduino\STM32CORE\snmp\bin\core\core.a(IPAddress.cpp.o)
                0x08004228                IPAddress::IPAddress(unsigned char const*)
                0x08004228                IPAddress::IPAddress(unsigned char const*)
 .text._ZN9IPAddressaSEPKh
                0x08004238        0x6 d:\Project\Arduino\STM32CORE\snmp\bin\core\core.a(IPAddress.cpp.o)
                0x08004238                IPAddress::operator=(unsigned char const*)
 .text._ZN5Print5writeEPKhj
                0x0800423e       0x22 d:\Project\Arduino\STM32CORE\snmp\bin\core\core.a(Print.cpp.o)
                0x0800423e                Print::write(unsigned char const*, unsigned int)
 .text._ZN5Print5writeEPKc
                0x08004260       0x20 d:\Project\Arduino\STM32CORE\snmp\bin\core\core.a(Print.cpp.o)
                0x08004260                Print::write(char const*)
 .text._ZN5Print5printEPKc
                0x08004280        0x8 d:\Project\Arduino\STM32CORE\snmp\bin\core\core.a(Print.cpp.o)
                0x08004280                Print::print(char const*)
 .text._ZN5Print5printEc
                0x08004288        0x6 d:\Project\Arduino\STM32CORE\snmp\bin\core\core.a(Print.cpp.o)
                0x08004288                Print::print(char)
 *fill*         0x0800428e        0x2 
 .text._ZN5Print7printlnEv
                0x08004290       0x10 d:\Project\Arduino\STM32CORE\snmp\bin\core\core.a(Print.cpp.o)
                0x08004290                Print::println()
 .text._ZN5Print7printlnEPKc
                0x080042a0       0x14 d:\Project\Arduino\STM32CORE\snmp\bin\core\core.a(Print.cpp.o)
                0x080042a0                Print::println(char const*)
 .text._ZN5Print11printNumberEmh
                0x080042b4       0x3a d:\Project\Arduino\STM32CORE\snmp\bin\core\core.a(Print.cpp.o)
                0x080042b4                Print::printNumber(unsigned long, unsigned char)
 .text._ZN5Print5printEli
                0x080042ee       0x42 d:\Project\Arduino\STM32CORE\snmp\bin\core\core.a(Print.cpp.o)
                0x080042ee                Print::print(long, int)
 .text._ZN5Print5printEii
                0x08004330        0x4 d:\Project\Arduino\STM32CORE\snmp\bin\core\core.a(Print.cpp.o)
                0x08004330                Print::print(int, int)
 .text._ZN5Print7printlnEii
                0x08004334       0x14 d:\Project\Arduino\STM32CORE\snmp\bin\core\core.a(Print.cpp.o)
                0x08004334                Print::println(int, int)
 .text._ZN5Print5printEmi
                0x08004348       0x16 d:\Project\Arduino\STM32CORE\snmp\bin\core\core.a(Print.cpp.o)
                0x08004348                Print::print(unsigned long, int)
 .text._ZN5Print5printEhi
                0x0800435e        0x4 d:\Project\Arduino\STM32CORE\snmp\bin\core\core.a(Print.cpp.o)
                0x0800435e                Print::print(unsigned char, int)
 .text._ZN5Print5printEji
                0x08004362        0x4 d:\Project\Arduino\STM32CORE\snmp\bin\core\core.a(Print.cpp.o)
                0x08004362                Print::print(unsigned int, int)
 .text._ZN6Stream9timedReadEv
                0x08004366       0x2a d:\Project\Arduino\STM32CORE\snmp\bin\core\core.a(Stream.cpp.o)
                0x08004366                Stream::timedRead()
 .text._ZN6Stream9readBytesEPcj
                0x08004390       0x22 d:\Project\Arduino\STM32CORE\snmp\bin\core\core.a(Stream.cpp.o)
                0x08004390                Stream::readBytes(char*, unsigned int)
 .text._ZN6Stream14readBytesUntilEcPcj
                0x080043b2       0x30 d:\Project\Arduino\STM32CORE\snmp\bin\core\core.a(Stream.cpp.o)
                0x080043b2                Stream::readBytesUntil(char, char*, unsigned int)
 .text.ultoa    0x080043e2       0x5c d:\Project\Arduino\STM32CORE\snmp\bin\core\core.a(itoa.c.o)
                0x080043e2                ultoa
 .text.utoa     0x0800443e        0x4 d:\Project\Arduino\STM32CORE\snmp\bin\core\core.a(itoa.c.o)
                0x0800443e                utoa
 .text.startup._Z7premainv
                0x08004442       0x10 d:\Project\Arduino\STM32CORE\snmp\bin\core\core.a(main.cpp.o)
                0x08004442                premain()
 .text.startup.main
                0x08004452       0x14 d:\Project\Arduino\STM32CORE\snmp\bin\core\core.a(main.cpp.o)
                0x08004452                main
 .text._Znwj    0x08004466        0x4 d:\Project\Arduino\STM32CORE\snmp\bin\core\core.a(new.cpp.o)
                0x08004466                operator new(unsigned int)
 .text._ZdlPvj  0x0800446a        0x4 d:\Project\Arduino\STM32CORE\snmp\bin\core\core.a(new.cpp.o)
                0x0800446a                operator delete(void*, unsigned int)
 *fill*         0x0800446e        0x2 
 .text.Reset_Handler
                0x08004470       0x48 d:\Project\Arduino\STM32CORE\snmp\bin\core\core.a(startup_stm32yyxx.S.o)
                0x08004470                Reset_Handler
 .text.Default_Handler
                0x080044b8        0x2 d:\Project\Arduino\STM32CORE\snmp\bin\core\core.a(startup_stm32yyxx.S.o)
                0x080044b8                DebugMon_Handler
                0x080044b8                HardFault_Handler
                0x080044b8                PVD_IRQHandler
                0x080044b8                PendSV_Handler
                0x080044b8                NMI_Handler
                0x080044b8                I2C2_EV_IRQHandler
                0x080044b8                UsageFault_Handler
                0x080044b8                ADC1_2_IRQHandler
                0x080044b8                SPI1_IRQHandler
                0x080044b8                TAMPER_IRQHandler
                0x080044b8                DMA1_Channel4_IRQHandler
                0x080044b8                RTC_IRQHandler
                0x080044b8                DMA1_Channel7_IRQHandler
                0x080044b8                CAN1_RX1_IRQHandler
                0x080044b8                I2C1_EV_IRQHandler
                0x080044b8                DMA1_Channel6_IRQHandler
                0x080044b8                RCC_IRQHandler
                0x080044b8                TIM1_TRG_COM_IRQHandler
                0x080044b8                DMA1_Channel1_IRQHandler
                0x080044b8                Default_Handler
                0x080044b8                SPI2_IRQHandler
                0x080044b8                MemManage_Handler
                0x080044b8                SVC_Handler
                0x080044b8                DMA1_Channel5_IRQHandler
                0x080044b8                USB_LP_CAN1_RX0_IRQHandler
                0x080044b8                USB_HP_CAN1_TX_IRQHandler
                0x080044b8                DMA1_Channel3_IRQHandler
                0x080044b8                WWDG_IRQHandler
                0x080044b8                TIM1_BRK_IRQHandler
                0x080044b8                I2C2_ER_IRQHandler
                0x080044b8                DMA1_Channel2_IRQHandler
                0x080044b8                CAN1_SCE_IRQHandler
                0x080044b8                FLASH_IRQHandler
                0x080044b8                BusFault_Handler
                0x080044b8                I2C1_ER_IRQHandler
                0x080044b8                USBWakeUp_IRQHandler
 *fill*         0x080044ba        0x2 
 .text.pinMode  0x080044bc       0x9c d:\Project\Arduino\STM32CORE\snmp\bin\core\core.a(wiring_digital.c.o)
                0x080044bc                pinMode
 .text.digitalWrite
                0x08004558       0x48 d:\Project\Arduino\STM32CORE\snmp\bin\core\core.a(wiring_digital.c.o)
                0x08004558                digitalWrite
 .text.millis   0x080045a0        0x4 d:\Project\Arduino\STM32CORE\snmp\bin\core\core.a(wiring_time.c.o)
                0x080045a0                millis
 .text.delay    0x080045a4       0x1c d:\Project\Arduino\STM32CORE\snmp\bin\core\core.a(wiring_time.c.o)
                0x080045a4                delay
 .text._Z14serialEventRunv
                0x080045c0       0x1c d:\Project\Arduino\STM32CORE\snmp\bin\core\core.a(WSerial.cpp.o)
                0x080045c0                serialEventRun()
 .text.init     0x080045dc        0x4 d:\Project\Arduino\STM32CORE\snmp\bin\core\core.a(board.c.o)
                0x080045dc                init
 .text.__empty  0x080045e0        0x2 d:\Project\Arduino\STM32CORE\snmp\bin\core\core.a(hooks.c.o)
                0x080045e0                yield
 *fill*         0x080045e2        0x2 
 .text.__libc_init_array
                0x080045e4       0x48 c:/users/sangengon/appdata/local/arduino15/packages/stm32/tools/xpack-arm-none-eabi-gcc/9.2.1-1.1/bin/../lib/gcc/arm-none-eabi/9.2.1/../../../../arm-none-eabi/lib/thumb/v7-m/nofp\libc_nano.a(lib_a-init.o)
                0x080045e4                __libc_init_array
 .text.malloc   0x0800462c       0x10 c:/users/sangengon/appdata/local/arduino15/packages/stm32/tools/xpack-arm-none-eabi-gcc/9.2.1-1.1/bin/../lib/gcc/arm-none-eabi/9.2.1/../../../../arm-none-eabi/lib/thumb/v7-m/nofp\libc_nano.a(lib_a-malloc.o)
                0x0800462c                malloc
 .text.free     0x0800463c       0x10 c:/users/sangengon/appdata/local/arduino15/packages/stm32/tools/xpack-arm-none-eabi-gcc/9.2.1-1.1/bin/../lib/gcc/arm-none-eabi/9.2.1/../../../../arm-none-eabi/lib/thumb/v7-m/nofp\libc_nano.a(lib_a-malloc.o)
                0x0800463c                free
 .text.memset   0x0800464c       0x10 c:/users/sangengon/appdata/local/arduino15/packages/stm32/tools/xpack-arm-none-eabi-gcc/9.2.1-1.1/bin/../lib/gcc/arm-none-eabi/9.2.1/../../../../arm-none-eabi/lib/thumb/v7-m/nofp\libc_nano.a(lib_a-memset.o)
                0x0800464c                memset
 .text._free_r  0x0800465c       0x98 c:/users/sangengon/appdata/local/arduino15/packages/stm32/tools/xpack-arm-none-eabi-gcc/9.2.1-1.1/bin/../lib/gcc/arm-none-eabi/9.2.1/../../../../arm-none-eabi/lib/thumb/v7-m/nofp\libc_nano.a(lib_a-nano-freer.o)
                0x0800465c                _free_r
 .text._malloc_r
                0x080046f4       0xb4 c:/users/sangengon/appdata/local/arduino15/packages/stm32/tools/xpack-arm-none-eabi-gcc/9.2.1-1.1/bin/../lib/gcc/arm-none-eabi/9.2.1/../../../../arm-none-eabi/lib/thumb/v7-m/nofp\libc_nano.a(lib_a-nano-mallocr.o)
                0x080046f4                _malloc_r
 .text._sbrk_r  0x080047a8       0x20 c:/users/sangengon/appdata/local/arduino15/packages/stm32/tools/xpack-arm-none-eabi-gcc/9.2.1-1.1/bin/../lib/gcc/arm-none-eabi/9.2.1/../../../../arm-none-eabi/lib/thumb/v7-m/nofp\libc_nano.a(lib_a-sbrkr.o)
                0x080047a8                _sbrk_r
 .text.strcat   0x080047c8       0x1e c:/users/sangengon/appdata/local/arduino15/packages/stm32/tools/xpack-arm-none-eabi-gcc/9.2.1-1.1/bin/../lib/gcc/arm-none-eabi/9.2.1/../../../../arm-none-eabi/lib/thumb/v7-m/nofp\libc_nano.a(lib_a-strcat.o)
                0x080047c8                strcat
 .text.__retarget_lock_acquire_recursive
                0x080047e6        0x2 c:/users/sangengon/appdata/local/arduino15/packages/stm32/tools/xpack-arm-none-eabi-gcc/9.2.1-1.1/bin/../lib/gcc/arm-none-eabi/9.2.1/../../../../arm-none-eabi/lib/thumb/v7-m/nofp\libc_nano.a(lib_a-lock.o)
                0x080047e6                __retarget_lock_acquire_recursive
 .text.__retarget_lock_release_recursive
                0x080047e8        0x2 c:/users/sangengon/appdata/local/arduino15/packages/stm32/tools/xpack-arm-none-eabi-gcc/9.2.1-1.1/bin/../lib/gcc/arm-none-eabi/9.2.1/../../../../arm-none-eabi/lib/thumb/v7-m/nofp\libc_nano.a(lib_a-lock.o)
                0x080047e8                __retarget_lock_release_recursive
 *fill*         0x080047ea        0x2 
 .text.__malloc_lock
                0x080047ec        0xc c:/users/sangengon/appdata/local/arduino15/packages/stm32/tools/xpack-arm-none-eabi-gcc/9.2.1-1.1/bin/../lib/gcc/arm-none-eabi/9.2.1/../../../../arm-none-eabi/lib/thumb/v7-m/nofp\libc_nano.a(lib_a-mlock.o)
                0x080047ec                __malloc_lock
 .text.__malloc_unlock
                0x080047f8        0xc c:/users/sangengon/appdata/local/arduino15/packages/stm32/tools/xpack-arm-none-eabi-gcc/9.2.1-1.1/bin/../lib/gcc/arm-none-eabi/9.2.1/../../../../arm-none-eabi/lib/thumb/v7-m/nofp\libc_nano.a(lib_a-mlock.o)
                0x080047f8                __malloc_unlock
 .text.unlikely._ZSt25__throw_bad_function_callv
                0x08004804        0x6 c:/users/sangengon/appdata/local/arduino15/packages/stm32/tools/xpack-arm-none-eabi-gcc/9.2.1-1.1/bin/../lib/gcc/arm-none-eabi/9.2.1/../../../../arm-none-eabi/lib/thumb/v7-m/nofp\libstdc++_nano.a(functional.o)
                0x08004804                std::__throw_bad_function_call()
 .text.abort    0x0800480a        0xe c:/users/sangengon/appdata/local/arduino15/packages/stm32/tools/xpack-arm-none-eabi-gcc/9.2.1-1.1/bin/../lib/gcc/arm-none-eabi/9.2.1/../../../../arm-none-eabi/lib/thumb/v7-m/nofp\libc_nano.a(lib_a-abort.o)
                0x0800480a                abort
 .text._raise_r
                0x08004818       0x50 c:/users/sangengon/appdata/local/arduino15/packages/stm32/tools/xpack-arm-none-eabi-gcc/9.2.1-1.1/bin/../lib/gcc/arm-none-eabi/9.2.1/../../../../arm-none-eabi/lib/thumb/v7-m/nofp\libc_nano.a(lib_a-signal.o)
                0x08004818                _raise_r
 .text.raise    0x08004868       0x10 c:/users/sangengon/appdata/local/arduino15/packages/stm32/tools/xpack-arm-none-eabi-gcc/9.2.1-1.1/bin/../lib/gcc/arm-none-eabi/9.2.1/../../../../arm-none-eabi/lib/thumb/v7-m/nofp\libc_nano.a(lib_a-signal.o)
                0x08004868                raise
 .text._kill_r  0x08004878       0x24 c:/users/sangengon/appdata/local/arduino15/packages/stm32/tools/xpack-arm-none-eabi-gcc/9.2.1-1.1/bin/../lib/gcc/arm-none-eabi/9.2.1/../../../../arm-none-eabi/lib/thumb/v7-m/nofp\libc_nano.a(lib_a-signalr.o)
                0x08004878                _kill_r
 .text._getpid_r
                0x0800489c        0x4 c:/users/sangengon/appdata/local/arduino15/packages/stm32/tools/xpack-arm-none-eabi-gcc/9.2.1-1.1/bin/../lib/gcc/arm-none-eabi/9.2.1/../../../../arm-none-eabi/lib/thumb/v7-m/nofp\libc_nano.a(lib_a-signalr.o)
                0x0800489c                _getpid_r
 *(.glue_7)
 .glue_7        0x080048a0        0x0 linker stubs
 *(.glue_7t)
 .glue_7t       0x080048a0        0x0 linker stubs
 *(.eh_frame)
 .eh_frame      0x080048a0        0x0 c:/users/sangengon/appdata/local/arduino15/packages/stm32/tools/xpack-arm-none-eabi-gcc/9.2.1-1.1/bin/../lib/gcc/arm-none-eabi/9.2.1/thumb/v7-m/nofp/crtbegin.o
 *(.init)
 .init          0x080048a0        0x4 c:/users/sangengon/appdata/local/arduino15/packages/stm32/tools/xpack-arm-none-eabi-gcc/9.2.1-1.1/bin/../lib/gcc/arm-none-eabi/9.2.1/thumb/v7-m/nofp/crti.o
                0x080048a0                _init
 .init          0x080048a4        0x8 c:/users/sangengon/appdata/local/arduino15/packages/stm32/tools/xpack-arm-none-eabi-gcc/9.2.1-1.1/bin/../lib/gcc/arm-none-eabi/9.2.1/thumb/v7-m/nofp/crtn.o
 *(.fini)
 .fini          0x080048ac        0x4 c:/users/sangengon/appdata/local/arduino15/packages/stm32/tools/xpack-arm-none-eabi-gcc/9.2.1-1.1/bin/../lib/gcc/arm-none-eabi/9.2.1/thumb/v7-m/nofp/crti.o
                0x080048ac                _fini
 .fini          0x080048b0        0x8 c:/users/sangengon/appdata/local/arduino15/packages/stm32/tools/xpack-arm-none-eabi-gcc/9.2.1-1.1/bin/../lib/gcc/arm-none-eabi/9.2.1/thumb/v7-m/nofp/crtn.o
                0x080048b8                . = ALIGN (0x4)
                0x080048b8                _etext = .

.vfp11_veneer   0x080048b8        0x0
 .vfp11_veneer  0x080048b8        0x0 linker stubs

.v4_bx          0x080048b8        0x0
 .v4_bx         0x080048b8        0x0 linker stubs

.iplt           0x080048b8        0x0
 .iplt          0x080048b8        0x0 c:/users/sangengon/appdata/local/arduino15/packages/stm32/tools/xpack-arm-none-eabi-gcc/9.2.1-1.1/bin/../lib/gcc/arm-none-eabi/9.2.1/thumb/v7-m/nofp/crtbegin.o

.rodata         0x080048b8      0x6a8
                0x080048b8                . = ALIGN (0x4)
 *(.rodata)
 *(.rodata*)
 .rodata._ZN10SNMP_VALUE6decodeEPcj.str1.1
                0x080048b8        0x0 d:\Project\Arduino\STM32CORE\snmp\bin\sketch\snmp.ino.cpp.o
                                  0x2 (size before relaxing)
 .rodata._Z11pduReceivedv.str1.1
                0x080048b8       0x5f d:\Project\Arduino\STM32CORE\snmp\bin\sketch\snmp.ino.cpp.o
 .rodata.setup.str1.1
                0x08004917       0x3d d:\Project\Arduino\STM32CORE\snmp\bin\sketch\snmp.ino.cpp.o
 .rodata._ZTV11EthernetUDP
                0x08004954       0x54 d:\Project\Arduino\STM32CORE\snmp\bin\libraries\Arduino-STM32-Ethernet-master\EthernetUdp.cpp.o
                0x08004954                vtable for EthernetUDP
 .rodata._ZN14AgentuinoClass5beginEv.str1.1
                0x080049a8        0xf d:\Project\Arduino\STM32CORE\snmp\bin\libraries\Agentuino\Agentuino.cpp.o
 *fill*         0x080049b7        0x1 
 .rodata._ZTV13_FLASH_STRING
                0x080049b8        0xc d:\Project\Arduino\STM32CORE\snmp\bin\libraries\Flash\Flash.cpp.o
                0x080049b8                vtable for _FLASH_STRING
 .rodata.HAL_RCC_GetSysClockFreq.str1.1
                0x080049c4       0x11 d:\Project\Arduino\STM32CORE\snmp\bin\libraries\SrcWrapper\HAL\stm32yyxx_hal_rcc.c.o
 .rodata.pin_function.str1.1
                0x080049d5       0x77 d:\Project\Arduino\STM32CORE\snmp\bin\libraries\SrcWrapper\stm32\pinmap.c.o
 .rodata.pin_map_ll
                0x08004a4c       0x40 d:\Project\Arduino\STM32CORE\snmp\bin\libraries\SrcWrapper\stm32\pinmap.c.o
                0x08004a4c                pin_map_ll
 .rodata.AHBPrescTable
                0x08004a8c       0x10 d:\Project\Arduino\STM32CORE\snmp\bin\libraries\SrcWrapper\stm32\system_stm32yyxx.c.o
                0x08004a8c                AHBPrescTable
 .rodata.APBPrescTable
                0x08004a9c        0x8 d:\Project\Arduino\STM32CORE\snmp\bin\libraries\SrcWrapper\stm32\system_stm32yyxx.c.o
                0x08004a9c                APBPrescTable
 .rodata.getTimerUpIrq.str1.1
                0x08004aa4       0x18 d:\Project\Arduino\STM32CORE\snmp\bin\libraries\SrcWrapper\stm32\timer.c.o
 .rodata.PinMap_PWM
                0x08004abc      0x138 d:\Project\Arduino\STM32CORE\snmp\bin\core\PeripheralPins.c.o
                0x08004abc                PinMap_PWM
 .rodata.PinMap_SPI_MISO
                0x08004bf4       0x30 d:\Project\Arduino\STM32CORE\snmp\bin\core\PeripheralPins.c.o
                0x08004bf4                PinMap_SPI_MISO
 .rodata.PinMap_SPI_MOSI
                0x08004c24       0x30 d:\Project\Arduino\STM32CORE\snmp\bin\core\PeripheralPins.c.o
                0x08004c24                PinMap_SPI_MOSI
 .rodata.PinMap_SPI_SCLK
                0x08004c54       0x30 d:\Project\Arduino\STM32CORE\snmp\bin\core\PeripheralPins.c.o
                0x08004c54                PinMap_SPI_SCLK
 .rodata.PinMap_SPI_SSEL
                0x08004c84       0x30 d:\Project\Arduino\STM32CORE\snmp\bin\core\PeripheralPins.c.o
                0x08004c84                PinMap_SPI_SSEL
 .rodata.PinMap_UART_RX
                0x08004cb4       0x3c d:\Project\Arduino\STM32CORE\snmp\bin\core\PeripheralPins.c.o
                0x08004cb4                PinMap_UART_RX
 .rodata.PinMap_UART_TX
                0x08004cf0       0x3c d:\Project\Arduino\STM32CORE\snmp\bin\core\PeripheralPins.c.o
                0x08004cf0                PinMap_UART_TX
 .rodata.digitalPin
                0x08004d2c       0x46 d:\Project\Arduino\STM32CORE\snmp\bin\core\variant.cpp.o
                0x08004d2c                digitalPin
 .rodata._ZN14HardwareSerial5beginEmh.str1.1
                0x08004d72       0x70 d:\Project\Arduino\STM32CORE\snmp\bin\core\core.a(HardwareSerial.cpp.o)
 .rodata.CSWTCH.41
                0x08004de2        0x5 d:\Project\Arduino\STM32CORE\snmp\bin\core\core.a(HardwareSerial.cpp.o)
 *fill*         0x08004de7        0x1 
 .rodata._ZTV14HardwareSerial
                0x08004de8       0x28 d:\Project\Arduino\STM32CORE\snmp\bin\core\core.a(HardwareSerial.cpp.o)
                0x08004de8                vtable for HardwareSerial
 .rodata._ZN13HardwareTimer12pauseChannelEm.str1.1
                0x08004e10       0x6f d:\Project\Arduino\STM32CORE\snmp\bin\core\core.a(HardwareTimer.cpp.o)
 *fill*         0x08004e7f        0x1 
 .rodata._ZTV9IPAddress
                0x08004e80        0xc d:\Project\Arduino\STM32CORE\snmp\bin\core\core.a(IPAddress.cpp.o)
                0x08004e80                vtable for IPAddress
 .rodata._ZN5Print7printlnEv.str1.1
                0x08004e8c        0x3 d:\Project\Arduino\STM32CORE\snmp\bin\core\core.a(Print.cpp.o)
 .rodata.pinMode.str1.1
                0x08004e8f       0x6e d:\Project\Arduino\STM32CORE\snmp\bin\core\core.a(wiring_digital.c.o)
 *fill*         0x08004efd        0x3 
 .rodata.__sf_fake_stderr
                0x08004f00       0x20 c:/users/sangengon/appdata/local/arduino15/packages/stm32/tools/xpack-arm-none-eabi-gcc/9.2.1-1.1/bin/../lib/gcc/arm-none-eabi/9.2.1/../../../../arm-none-eabi/lib/thumb/v7-m/nofp\libc_nano.a(lib_a-findfp.o)
                0x08004f00                __sf_fake_stderr
 .rodata.__sf_fake_stdin
                0x08004f20       0x20 c:/users/sangengon/appdata/local/arduino15/packages/stm32/tools/xpack-arm-none-eabi-gcc/9.2.1-1.1/bin/../lib/gcc/arm-none-eabi/9.2.1/../../../../arm-none-eabi/lib/thumb/v7-m/nofp\libc_nano.a(lib_a-findfp.o)
                0x08004f20                __sf_fake_stdin
 .rodata.__sf_fake_stdout
                0x08004f40       0x20 c:/users/sangengon/appdata/local/arduino15/packages/stm32/tools/xpack-arm-none-eabi-gcc/9.2.1-1.1/bin/../lib/gcc/arm-none-eabi/9.2.1/../../../../arm-none-eabi/lib/thumb/v7-m/nofp\libc_nano.a(lib_a-findfp.o)
                0x08004f40                __sf_fake_stdout
                0x08004f60                . = ALIGN (0x4)

.rel.dyn        0x08004f60        0x0
 .rel.iplt      0x08004f60        0x0 c:/users/sangengon/appdata/local/arduino15/packages/stm32/tools/xpack-arm-none-eabi-gcc/9.2.1-1.1/bin/../lib/gcc/arm-none-eabi/9.2.1/thumb/v7-m/nofp/crtbegin.o

.ARM.extab
 *(.ARM.extab* .gnu.linkonce.armextab.*)

.ARM            0x08004f60        0x0
                0x08004f60                __exidx_start = .
 *(.ARM.exidx*)
                0x08004f60                __exidx_end = .

.preinit_array  0x08004f60        0x0
                0x08004f60                PROVIDE (__preinit_array_start = .)
 *(.preinit_array*)
                0x08004f60                PROVIDE (__preinit_array_end = .)

.init_array     0x08004f60       0x3c
                0x08004f60                PROVIDE (__init_array_start = .)
 *(SORT_BY_NAME(.init_array.*))
 .init_array.00101
                0x08004f60        0x4 d:\Project\Arduino\STM32CORE\snmp\bin\core\core.a(main.cpp.o)
 *(.init_array*)
 .init_array    0x08004f64        0x4 c:/users/sangengon/appdata/local/arduino15/packages/stm32/tools/xpack-arm-none-eabi-gcc/9.2.1-1.1/bin/../lib/gcc/arm-none-eabi/9.2.1/thumb/v7-m/nofp/crtbegin.o
 .init_array    0x08004f68        0x4 d:\Project\Arduino\STM32CORE\snmp\bin\sketch\snmp.ino.cpp.o
 .init_array    0x08004f6c        0x4 d:\Project\Arduino\STM32CORE\snmp\bin\libraries\SPI\SPI.cpp.o
 .init_array    0x08004f70        0x4 d:\Project\Arduino\STM32CORE\snmp\bin\libraries\Arduino-STM32-Ethernet-master\Dhcp.cpp.o
 .init_array    0x08004f74        0x4 d:\Project\Arduino\STM32CORE\snmp\bin\libraries\Arduino-STM32-Ethernet-master\Dns.cpp.o